Archive member included to satisfy reference by file (symbol)

touchgfx//lib/core/cortex_m4f/gcc\libtouchgfx.a(AbstractPartition.o)
                              build/ST/STM32469IDISCO/target/bsp/source/BoardConfiguration.o (touchgfx::AbstractPartition::getAllocationCount() const)
touchgfx//lib/core/cortex_m4f/gcc\libtouchgfx.a(Container.o)
                              build/ST/STM32469IDISCO/generated/gui_generated/src/screen2_screen/Screen2ViewBase.o (touchgfx::Container::add(touchgfx::Drawable&))
touchgfx//lib/core/cortex_m4f/gcc\libtouchgfx.a(HAL.o)
                              build/ST/STM32469IDISCO/target/bsp/source/platform/hal/mcu/stm32f4cube/STM32F4HAL_DSI.o (touchgfx::HAL::flushFrameBuffer())
touchgfx//lib/core/cortex_m4f/gcc\libtouchgfx.a(DMA.o)
                              build/ST/STM32469IDISCO/target/bsp/source/platform/hal/mcu/stm32f4cube/STM32F4DMA.o (touchgfx::DMA_Interface::seedExecution())
touchgfx//lib/core/cortex_m4f/gcc\libtouchgfx.a(SnapshotWidget.o)
                              build/ST/STM32469IDISCO/generated/gui_generated/src/common/FrontendApplicationBase.o (touchgfx::SnapshotWidget::~SnapshotWidget())
touchgfx//lib/core/cortex_m4f/gcc\libtouchgfx.a(ScalableImage.o)
                              build/ST/STM32469IDISCO/gui/src/screen1_screen/Screen1View.o (touchgfx::ScalableImage::~ScalableImage())
touchgfx//lib/core/cortex_m4f/gcc\libtouchgfx.a(TextArea.o)
                              build/ST/STM32469IDISCO/generated/gui_generated/src/screen1_screen/Screen1ViewBase.o (touchgfx::TextArea::setTypedText(touchgfx::TypedText))
touchgfx//lib/core/cortex_m4f/gcc\libtouchgfx.a(Button.o)
                              build/ST/STM32469IDISCO/generated/gui_generated/src/screen2_screen/Screen2ViewBase.o (touchgfx::Button::setBitmaps(touchgfx::Bitmap const&, touchgfx::Bitmap const&))
touchgfx//lib/core/cortex_m4f/gcc\libtouchgfx.a(TextAreaWithWildcard.o)
                              build/ST/STM32469IDISCO/generated/gui_generated/src/screen1_screen/Screen1ViewBase.o (touchgfx::TextAreaWithWildcardBase::calculateTextHeight(unsigned short const*, ...) const)
touchgfx//lib/core/cortex_m4f/gcc\libtouchgfx.a(RepeatButton.o)
                              build/ST/STM32469IDISCO/generated/gui_generated/src/screen1_screen/Screen1ViewBase.o (touchgfx::RepeatButton::setDelay(int))
touchgfx//lib/core/cortex_m4f/gcc\libtouchgfx.a(Image.o)
                              build/ST/STM32469IDISCO/generated/gui_generated/src/screen2_screen/Screen2ViewBase.o (touchgfx::Image::setBitmap(touchgfx::Bitmap const&))
touchgfx//lib/core/cortex_m4f/gcc\libtouchgfx.a(LCD.o)
                              build/ST/STM32469IDISCO/generated/gui_generated/src/screen1_screen/Screen1ViewBase.o (touchgfx::LCD::drawString(touchgfx::Rect, touchgfx::Rect const&, touchgfx::LCD::StringVisuals&, unsigned short const*, ...))
touchgfx//lib/core/cortex_m4f/gcc\libtouchgfx.a(TouchCalibration.o)
                              touchgfx//lib/core/cortex_m4f/gcc\libtouchgfx.a(HAL.o) (touchgfx::TouchCalibration::translatePoint(touchgfx::Point&))
touchgfx//lib/core/cortex_m4f/gcc\libtouchgfx.a(DisplayTransformation.o)
                              touchgfx//lib/core/cortex_m4f/gcc\libtouchgfx.a(HAL.o) (touchgfx::DisplayTransformation::transformFrameBufferToDisplay(short&, short&))
touchgfx//lib/core/cortex_m4f/gcc\libtouchgfx.a(Application.o)
                              build/ST/STM32469IDISCO/gui/src/common/FrontendApplication.o (touchgfx::Application::handleClickEvent(touchgfx::ClickEvent const&))
touchgfx//lib/core/cortex_m4f/gcc\libtouchgfx.a(TypedText.o)
                              build/ST/STM32469IDISCO/generated/gui_generated/src/screen1_screen/Screen1ViewBase.o (touchgfx::TypedText::numberOfTypedTexts)
touchgfx//lib/core/cortex_m4f/gcc\libtouchgfx.a(Font.o)
                              build/ST/STM32469IDISCO/generated/texts/src/Texts.o (touchgfx::Font::getStringWidthLTR(unsigned char, unsigned short const*, std::__va_list) const)
touchgfx//lib/core/cortex_m4f/gcc\libtouchgfx.a(Drawable.o)
                              build/ST/STM32469IDISCO/gui/src/screen1_screen/Screen1View.o (touchgfx::Drawable::invalidate() const)
touchgfx//lib/core/cortex_m4f/gcc\libtouchgfx.a(Utils.o)
                              touchgfx//lib/core/cortex_m4f/gcc\libtouchgfx.a(TouchCalibration.o) (touchgfx::memset(void*, unsigned char, unsigned long))
touchgfx//lib/core/cortex_m4f/gcc\libtouchgfx.a(Screen.o)
                              build/ST/STM32469IDISCO/gui/src/screen5_screen/Screen5View.o (touchgfx::Screen::handleGestureEvent(touchgfx::GestureEvent const&))
touchgfx//lib/core/cortex_m4f/gcc\libtouchgfx.a(EasingEquations.o)
                              build/ST/STM32469IDISCO/generated/gui_generated/src/common/FrontendApplicationBase.o (touchgfx::EasingEquations::cubicEaseOut(unsigned short, short, short, unsigned short))
touchgfx//lib/core/cortex_m4f/gcc\libtouchgfx.a(InternalFlashFont.o)
[...]
Memory Configuration

Name             Origin             Length             Attributes
CODE             0x08000000         0x00200000         xr
RAM              0x20000000         0x00050000         rw
CCMRAM           0x10000000         0x00010000         rw
QUADSPI          0x90000000         0x01000000         r
*default*        0x00000000         0xffffffff

Linker script and memory map

LOAD build/ST/STM32469IDISCO/gui/src/screen5_screen/Screen5Presenter.o
LOAD build/ST/STM32469IDISCO/gui/src/screen5_screen/Screen5View.o
LOAD build/ST/STM32469IDISCO/gui/src/screen2_screen/Screen2View.o
LOAD build/ST/STM32469IDISCO/gui/src/screen2_screen/Screen2Presenter.o
LOAD build/ST/STM32469IDISCO/gui/src/screen1_screen/Screen1Presenter.o
LOAD build/ST/STM32469IDISCO/gui/src/screen1_screen/Screen1View.o
LOAD build/ST/STM32469IDISCO/gui/src/screen4_screen/Screen4View.o
LOAD build/ST/STM32469IDISCO/gui/src/screen4_screen/Screen4Presenter.o
LOAD build/ST/STM32469IDISCO/gui/src/model/Model.o
LOAD build/ST/STM32469IDISCO/gui/src/screen3_screen/Screen3View.o
LOAD build/ST/STM32469IDISCO/gui/src/screen3_screen/Screen3Presenter.o
LOAD build/ST/STM32469IDISCO/gui/src/common/FrontendApplication.o
LOAD build/ST/STM32469IDISCO/generated/gui_generated/src/screen5_screen/Screen5ViewBase.o
LOAD build/ST/STM32469IDISCO/generated/gui_generated/src/screen2_screen/Screen2ViewBase.o
LOAD build/ST/STM32469IDISCO/generated/gui_generated/src/screen1_screen/Screen1ViewBase.o
LOAD build/ST/STM32469IDISCO/generated/gui_generated/src/screen4_screen/Screen4ViewBase.o
LOAD build/ST/STM32469IDISCO/generated/gui_generated/src/screen3_screen/Screen3ViewBase.o
LOAD build/ST/STM32469IDISCO/generated/gui_generated/src/common/FrontendApplicationBase.o
LOAD build/ST/STM32469IDISCO/generated/fonts/src/Font_lucon_TTF_23_4bpp.o
LOAD build/ST/STM32469IDISCO/generated/fonts/src/Table_verdana_23_4bpp.o
LOAD build/ST/STM32469IDISCO/generated/fonts/src/Font_verdana_23_4bpp.o
LOAD build/ST/STM32469IDISCO/generated/fonts/src/Kerning_verdana_23_4bpp.o
LOAD build/ST/STM32469IDISCO/generated/fonts/src/Kerning_lucon_TTF_23_4bpp.o
LOAD build/ST/STM32469IDISCO/generated/fonts/src/FontGetters.o
LOAD build/ST/STM32469IDISCO/generated/fonts/src/Font_verdana_20_4bpp.o
LOAD build/ST/STM32469IDISCO/generated/fonts/src/Font_verdana_115_4bpp.o
LOAD build/ST/STM32469IDISCO/generated/fonts/src/Kerning_verdana_20_4bpp.o
LOAD build/ST/STM32469IDISCO/generated/fonts/src/Kerning_verdana_115_4bpp.o
LOAD build/ST/STM32469IDISCO/generated/fonts/src/Table_lucon_TTF_23_4bpp.o
LOAD build/ST/STM32469IDISCO/generated/fonts/src/Table_verdana_115_4bpp.o
LOAD build/ST/STM32469IDISCO/generated/fonts/src/Table_verdana_20_4bpp.o
LOAD build/ST/STM32469IDISCO/generated/fonts/src/ApplicationFontProvider.o
LOAD build/ST/STM32469IDISCO/generated/images/src/__designer/blue_icons_home_48.o
LOAD build/ST/STM32469IDISCO/generated/images/src/__designer/blue_buttons_round_edge_small.o
LOAD build/ST/STM32469IDISCO/generated/images/src/__designer/blue_icons_power_48.o
LOAD build/ST/STM32469IDISCO/generated/images/src/__designer/blue_icons_up_arrow_48.o
LOAD build/ST/STM32469IDISCO/generated/images/src/__designer/blue_icons_down_arrow_48.o
LOAD build/ST/STM32469IDISCO/generated/images/src/__designer/blue_buttons_round_edge_small_pressed.o
LOAD build/ST/STM32469IDISCO/generated/images/src/BitmapDatabase.o
LOAD build/ST/STM32469IDISCO/generated/images/src/a2.o
LOAD build/ST/STM32469IDISCO/generated/images/src/a3.o
LOAD build/ST/STM32469IDISCO/generated/images/src/abc.o
LOAD build/ST/STM32469IDISCO/generated/texts/src/LanguageGb.o
LOAD build/ST/STM32469IDISCO/generated/texts/src/TypedTextDatabase.o
LOAD build/ST/STM32469IDISCO/generated/texts/src/Texts.o
LOAD build/ST/STM32469IDISCO/target/os/FreeRTOS7.6.0/OSWrappers.o
LOAD build/ST/STM32469IDISCO/target/gcc/gccstubs.o
LOAD build/ST/STM32469IDISCO/target/main.o
LOAD build/ST/STM32469IDISCO/target/bsp/source/bsp/OTM8009TouchController.o
LOAD build/ST/STM32469IDISCO/target/bsp/source/platform/hal/mcu/stm32f4cube/STM32F4DMA.o
LOAD build/ST/STM32469IDISCO/target/bsp/source/platform/hal/mcu/stm32f4cube/STM32F4HAL_DSI.o
LOAD build/ST/STM32469IDISCO/target/bsp/source/platform/cortex-m/CortexMMCUInstrumentation.o
LOAD build/ST/STM32469IDISCO/target/bsp/source/bsp/KeySampler.o
LOAD build/ST/STM32469IDISCO/target/bsp/source/bsp/Buttons.o
LOAD build/ST/STM32469IDISCO/target/bsp/source/BoardConfiguration.o
LOAD build/ST/STM32469IDISCO/target/bsp/source/GPIO.o
LOAD build/ST/STM32469IDISCO/target/os/FreeRTOS7.6.0/Source/croutine.o
LOAD build/ST/STM32469IDISCO/target/os/FreeRTOS7.6.0/Source/list.o
LOAD build/ST/STM32469IDISCO/target/os/FreeRTOS7.6.0/Source/queue.o
LOAD build/ST/STM32469IDISCO/target/os/FreeRTOS7.6.0/Source/tasks.o
LOAD build/ST/STM32469IDISCO/target/os/FreeRTOS7.6.0/Source/timers.o
LOAD build/ST/STM32469IDISCO/target/os/FreeRTOS7.6.0/Source/portable/MemMang/heap_2.o
LOAD build/ST/STM32469IDISCO/target/os/FreeRTOS7.6.0/Source/portable/GCC/ARM_CM4F/port.o
LOAD build/ST/STM32469IDISCO/target/gcc/isr.o
LOAD build/ST/STM32469IDISCO/target/bsp/source/vendor/STM32469I-Discovery/stm32469i_discovery.o
LOAD build/ST/STM32469IDISCO/target/bsp/source/vendor/STM32469I-Discovery/stm32469i_discovery_lcd.o
LOAD build/ST/STM32469IDISCO/target/bsp/source/vendor/STM32469I-Discovery/stm32469i_discovery_qspi.o
LOAD build/ST/STM32469IDISCO/target/bsp/source/vendor/STM32469I-Discovery/stm32469i_discovery_sdram.o
LOAD build/ST/STM32469IDISCO/target/bsp/source/vendor/STM32469I-Discovery/stm32469i_discovery_ts.o
LOAD build/ST/STM32469IDISCO/target/bsp/source/vendor/Components/ft6x06/ft6x06.o
LOAD build/ST/STM32469IDISCO/target/bsp/source/vendor/Components/otm8009a/otm8009a.o
LOAD build/ST/STM32469IDISCO/target/bsp/source/platform/hal/mcu/stm32f4cube/STM32F4xx_HAL_Driver/stm32f4xx_hal.o
LOAD build/ST/STM32469IDISCO/target/bsp/source/platform/hal/mcu/stm32f4cube/STM32F4xx_HAL_Driver/stm32f4xx_hal_cortex.o
LOAD build/ST/STM32469IDISCO/target/bsp/source/platform/hal/mcu/stm32f4cube/STM32F4xx_HAL_Driver/stm32f4xx_hal_dma.o
LOAD build/ST/STM32469IDISCO/target/bsp/source/platform/hal/mcu/stm32f4cube/STM32F4xx_HAL_Driver/stm32f4xx_hal_dma2d.o
LOAD build/ST/STM32469IDISCO/target/bsp/source/platform/hal/mcu/stm32f4cube/STM32F4xx_HAL_Driver/stm32f4xx_hal_dma_ex.o
LOAD build/ST/STM32469IDISCO/target/bsp/source/platform/hal/mcu/stm32f4cube/STM32F4xx_HAL_Driver/stm32f4xx_hal_gpio.o
LOAD build/ST/STM32469IDISCO/target/bsp/source/platform/hal/mcu/stm32f4cube/STM32F4xx_HAL_Driver/stm32f4xx_hal_i2c.o
LOAD build/ST/STM32469IDISCO/target/bsp/source/platform/hal/mcu/stm32f4cube/STM32F4xx_HAL_Driver/stm32f4xx_hal_ltdc.o
LOAD build/ST/STM32469IDISCO/target/bsp/source/platform/hal/mcu/stm32f4cube/STM32F4xx_HAL_Driver/stm32f4xx_hal_ltdc_ex.o
LOAD build/ST/STM32469IDISCO/target/bsp/source/platform/hal/mcu/stm32f4cube/STM32F4xx_HAL_Driver/stm32f4xx_hal_qspi.o
LOAD build/ST/STM32469IDISCO/target/bsp/source/platform/hal/mcu/stm32f4cube/STM32F4xx_HAL_Driver/stm32f4xx_hal_dsi.o
LOAD build/ST/STM32469IDISCO/target/bsp/source/platform/hal/mcu/stm32f4cube/STM32F4xx_HAL_Driver/stm32f4xx_hal_pwr_ex.o
LOAD build/ST/STM32469IDISCO/target/bsp/source/platform/hal/mcu/stm32f4cube/STM32F4xx_HAL_Driver/stm32f4xx_hal_rcc.o
LOAD build/ST/STM32469IDISCO/target/bsp/source/platform/hal/mcu/stm32f4cube/STM32F4xx_HAL_Driver/stm32f4xx_hal_rcc_ex.o
LOAD build/ST/STM32469IDISCO/target/bsp/source/platform/hal/mcu/stm32f4cube/STM32F4xx_HAL_Driver/stm32f4xx_hal_sdram.o
LOAD build/ST/STM32469IDISCO/target/bsp/source/platform/hal/mcu/stm32f4cube/STM32F4xx_HAL_Driver/stm32f4xx_ll_fmc.o
LOAD build/ST/STM32469IDISCO/target/bsp/source/platform/hal/mcu/stm32f4cube/STM32F4xx_HAL_Driver/stm32f4xx_ll_fsmc.o
LOAD build/ST/STM32469IDISCO/target/bsp/source/platform/hal/mcu/stm32f4cube/STM32F4xx_HAL_Driver/stm32f4xx_hal_uart.o
LOAD build/ST/STM32469IDISCO/target/bsp/source/platform/hal/mcu/stm32f4cube/STM32F4xx_HAL_Driver/stm32f4xx_hal_usart.o
LOAD build/ST/STM32469IDISCO/target/bsp/source/platform/hal/mcu/stm32f4cube/CMSIS/system_stm32f4xx.o
START GROUP
LOAD touchgfx//lib/core/cortex_m4f/gcc\libtouchgfx.a
END GROUP
LOAD c:/touchgfx/4.10.0/env/mingw/msys/1.0/gnu-arm-gcc/bin/../lib/gcc/arm-none-eabi/6.3.1/../../../../arm-none-eabi/lib/thumb/v7e-m/fpv4-sp/softfp\libstdc++.a
LOAD c:/touchgfx/4.10.0/env/mingw/msys/1.0/gnu-arm-gcc/bin/../lib/gcc/arm-none-eabi/6.3.1/../../../../arm-none-eabi/lib/thumb/v7e-m/fpv4-sp/softfp\libm.a
START GROUP
LOAD c:/touchgfx/4.10.0/env/mingw/msys/1.0/gnu-arm-gcc/bin/../lib/gcc/arm-none-eabi/6.3.1/thumb/v7e-m/fpv4-sp/softfp\libgcc.a
LOAD c:/touchgfx/4.10.0/env/mingw/msys/1.0/gnu-arm-gcc/bin/../lib/gcc/arm-none-eabi/6.3.1/../../../../arm-none-eabi/lib/thumb/v7e-m/fpv4-sp/softfp\libg.a
LOAD c:/touchgfx/4.10.0/env/mingw/msys/1.0/gnu-arm-gcc/bin/../lib/gcc/arm-none-eabi/6.3.1/../../../../arm-none-eabi/lib/thumb/v7e-m/fpv4-sp/softfp\libc.a
END GROUP
                0x00000400                _STACKSIZE = 0x400
                0x00000200                _HEAPSIZE = 0x200

.text           0x08000000     0xf110
 CREATE_OBJECT_SYMBOLS
 *(.isr_vectors)
 .isr_vectors   0x08000000      0x1b4 build/ST/STM32469IDISCO/target/gcc/isr.o
                0x08000000                g_pfnVectors
 *(.text .text.*)
 .text._ZN8touchgfx6Screen15afterTransitionEv
                0x080001b4        0x2 build/ST/STM32469IDISCO/gui/src/screen5_screen/Screen5View.o
                0x080001b4                touchgfx::Screen::afterTransition()
 .text._ZN8touchgfx6Screen15handleTickEventEv
                0x080001b6        0x2 build/ST/STM32469IDISCO/gui/src/screen5_screen/Screen5View.o
                0x080001b6                touchgfx::Screen::handleTickEvent()
 .text._ZN8touchgfx6Screen14handleKeyEventEh
                0x080001b8        0x2 build/ST/STM32469IDISCO/gui/src/screen5_screen/Screen5View.o
                0x080001b8                touchgfx::Screen::handleKeyEvent(unsigned char)
 .text._ZN11Screen2ViewD2Ev
                0x080001ba        0x2 build/ST/STM32469IDISCO/gui/src/screen2_screen/Screen2View.o
                0x080001ba                Screen2View::~Screen2View()
                0x080001ba                Screen2View::~Screen2View()
 .text._ZN11Screen2View14tearDownScreenEv
                0x080001bc        0x2 build/ST/STM32469IDISCO/gui/src/screen2_screen/Screen2View.o
                0x080001bc                Screen2View::tearDownScreen()
 .text._ZN11Screen2View11setupScreenEv
                0x080001be        0x4 build/ST/STM32469IDISCO/gui/src/screen2_screen/Screen2View.o
                0x080001be                Screen2View::setupScreen()
 .text._ZN11Screen2ViewD0Ev
                0x080001c2        0xe build/ST/STM32469IDISCO/gui/src/screen2_screen/Screen2View.o
                0x080001c2                Screen2View::~Screen2View()
 .text._ZN11Screen2ViewC2Ev
                0x080001d0       0x14 build/ST/STM32469IDISCO/gui/src/screen2_screen/Screen2View.o
                0x080001d0                Screen2View::Screen2View()
                0x080001d0                Screen2View::Screen2View()
 .text._ZN16Screen2PresenterD2Ev
                0x080001e4        0x8 build/ST/STM32469IDISCO/gui/src/screen2_screen/Screen2Presenter.o
                0x080001e4                Screen2Presenter::~Screen2Presenter()
                0x080001e4                Screen2Presenter::~Screen2Presenter()
                0x080001e6                non-virtual thunk to Screen2Presenter::~Screen2Presenter()
 .text._ZN16Screen2Presenter10deactivateEv
                0x080001ec        0x2 build/ST/STM32469IDISCO/gui/src/screen2_screen/Screen2Presenter.o
                0x080001ec                Screen2Presenter::activate()
                0x080001ec                Screen2Presenter::deactivate()
 .text._ZN16Screen2PresenterD0Ev
                0x080001ee       0x14 build/ST/STM32469IDISCO/gui/src/screen2_screen/Screen2Presenter.o
                0x080001ee                Screen2Presenter::~Screen2Presenter()
                0x080001fc                non-virtual thunk to Screen2Presenter::~Screen2Presenter()
 *fill*         0x08000202        0x2 00000000
 .text._ZN16Screen2PresenterC2ER11Screen2View
                0x08000204       0x1c build/ST/STM32469IDISCO/gui/src/screen2_screen/Screen2Presenter.o
                0x08000204                Screen2Presenter::Screen2Presenter(Screen2View&)
                0x08000204                Screen2Presenter::Screen2Presenter(Screen2View&)
 .text._ZN16Screen1PresenterD2Ev
                0x08000220        0x8 build/ST/STM32469IDISCO/gui/src/screen1_screen/Screen1Presenter.o
                0x08000220                Screen1Presenter::~Screen1Presenter()
                0x08000220                Screen1Presenter::~Screen1Presenter()
                0x08000222                non-virtual thunk to Screen1Presenter::~Screen1Presenter()
 .text._ZN16Screen1Presenter10deactivateEv
                0x08000228        0x2 build/ST/STM32469IDISCO/gui/src/screen1_screen/Screen1Presenter.o
                0x08000228                Screen1Presenter::deactivate()
 .text._ZN16Screen1PresenterD0Ev
                0x0800022a       0x14 build/ST/STM32469IDISCO/gui/src/screen1_screen/Screen1Presenter.o
                0x0800022a                Screen1Presenter::~Screen1Presenter()
                0x08000238                non-virtual thunk to Screen1Presenter::~Screen1Presenter()
 *fill*         0x0800023e        0x2 00000000
 .text._ZN16Screen1Presenter8activateEv
                0x08000240       0x40 build/ST/STM32469IDISCO/gui/src/screen1_screen/Screen1Presenter.o
                0x08000240                Screen1Presenter::activate()
 .text._ZN16Screen1Presenter8sendDataEPtt
                0x08000280       0x18 build/ST/STM32469IDISCO/gui/src/screen1_screen/Screen1Presenter.o
                0x08000280                Screen1Presenter::sendData(unsigned short*, unsigned short)
 .text._ZN16Screen1Presenter7getDataEhPc
                0x08000298       0x20 build/ST/STM32469IDISCO/gui/src/screen1_screen/Screen1Presenter.o
                0x08000298                Screen1Presenter::getData(unsigned char, char*)
 .text._ZN16Screen1PresenterC2ER11Screen1View
                0x080002b8       0x1c build/ST/STM32469IDISCO/gui/src/screen1_screen/Screen1Presenter.o
                0x080002b8                Screen1Presenter::Screen1Presenter(Screen1View&)
                0x080002b8                Screen1Presenter::Screen1Presenter(Screen1View&)
 .text._ZN11Screen1View14tearDownScreenEv
                0x080002d4        0x2 build/ST/STM32469IDISCO/gui/src/screen1_screen/Screen1View.o
                0x080002d4                Screen1View::tearDownScreen()
 .text._ZN11Screen1View11setupScreenEv
                0x080002d6        0x4 build/ST/STM32469IDISCO/gui/src/screen1_screen/Screen1View.o
                0x080002d6                Screen1View::setupScreen()
 *fill*         0x080002da        0x2 00000000
 .text._ZN11Screen1View15button1_clickedEv
                0x080002dc       0x74 build/ST/STM32469IDISCO/gui/src/screen1_screen/Screen1View.o
                0x080002dc                Screen1View::button1_clicked()
 .text._ZN11Screen1View15button2_clickedEv
                0x08000350       0x74 build/ST/STM32469IDISCO/gui/src/screen1_screen/Screen1View.o
                0x08000350                Screen1View::button2_clicked()
 .text._ZN11Screen1View15handleTickEventEv
                0x080003c4       0x58 build/ST/STM32469IDISCO/gui/src/screen1_screen/Screen1View.o
                0x080003c4                Screen1View::handleTickEvent()
 .text._ZN11Screen1ViewC2Ev
                0x0800041c       0x14 build/ST/STM32469IDISCO/gui/src/screen1_screen/Screen1View.o
                0x0800041c                Screen1View::Screen1View()
                0x0800041c                Screen1View::Screen1View()
 .text._ZN11Screen1ViewD2Ev
                0x08000430       0x20 build/ST/STM32469IDISCO/gui/src/screen1_screen/Screen1View.o
                0x08000430                Screen1View::~Screen1View()
                0x08000430                Screen1View::~Screen1View()
 .text._ZN11Screen1ViewD0Ev
                0x08000450       0x16 build/ST/STM32469IDISCO/gui/src/screen1_screen/Screen1View.o
                0x08000450                Screen1View::~Screen1View()
 .text._ZN5ModelC2Ev
                0x08000466        0x8 build/ST/STM32469IDISCO/gui/src/model/Model.o
                0x08000466                Model::Model()
                0x08000466                Model::Model()
 *fill*         0x0800046e        0x2 00000000
 .text._ZN5Model4tickEv
                0x08000470       0x28 build/ST/STM32469IDISCO/gui/src/model/Model.o
                0x08000470                Model::tick()
 .text._ZN5Model8uartInitEv
                0x08000498       0x8c build/ST/STM32469IDISCO/gui/src/model/Model.o
                0x08000498                Model::uartInit()
 .text._ZN5Model8gpioInitEP12GPIO_TypeDeftt
                0x08000524       0xf4 build/ST/STM32469IDISCO/gui/src/model/Model.o
                0x08000524                Model::gpioInit(GPIO_TypeDef*, unsigned short, unsigned short)
 .text._ZN5Model15sendDataViaUartEPtt
                0x08000618        0xc build/ST/STM32469IDISCO/gui/src/model/Model.o
                0x08000618                Model::sendDataViaUart(unsigned short*, unsigned short)
 .text._ZN5Model15recvDataViaUartEPc
                0x08000624       0x4c build/ST/STM32469IDISCO/gui/src/model/Model.o
                0x08000624                Model::recvDataViaUart(char*)
 .text._ZN5Model10getSecondsEv
                0x08000670        0x4 build/ST/STM32469IDISCO/gui/src/model/Model.o
                0x08000670                Model::getSeconds()
 .text._ZN11Screen3ViewD2Ev
                0x08000674        0x2 build/ST/STM32469IDISCO/gui/src/screen3_screen/Screen3View.o
                0x08000674                Screen3View::~Screen3View()
                0x08000674                Screen3View::~Screen3View()
 .text._ZN11Screen3View14tearDownScreenEv
                0x08000676        0x2 build/ST/STM32469IDISCO/gui/src/screen3_screen/Screen3View.o
                0x08000676                Screen3View::tearDownScreen()
 .text._ZN11Screen3View11setupScreenEv
                0x08000678        0x4 build/ST/STM32469IDISCO/gui/src/screen3_screen/Screen3View.o
                0x08000678                Screen3View::setupScreen()
 .text._ZN11Screen3ViewD0Ev
                0x0800067c        0xe build/ST/STM32469IDISCO/gui/src/screen3_screen/Screen3View.o
                0x0800067c                Screen3View::~Screen3View()
 *fill*         0x0800068a        0x2 00000000
 .text._ZN11Screen3ViewC2Ev
                0x0800068c       0x14 build/ST/STM32469IDISCO/gui/src/screen3_screen/Screen3View.o
                0x0800068c                Screen3View::Screen3View()
                0x0800068c                Screen3View::Screen3View()
 .text._ZN16Screen3PresenterD2Ev
                0x080006a0        0x8 build/ST/STM32469IDISCO/gui/src/screen3_screen/Screen3Presenter.o
                0x080006a0                Screen3Presenter::~Screen3Presenter()
                0x080006a0                Screen3Presenter::~Screen3Presenter()
                0x080006a2                non-virtual thunk to Screen3Presenter::~Screen3Presenter()
 .text._ZN16Screen3Presenter10deactivateEv
                0x080006a8        0x2 build/ST/STM32469IDISCO/gui/src/screen3_screen/Screen3Presenter.o
                0x080006a8                Screen3Presenter::deactivate()
                0x080006a8                Screen3Presenter::activate()
 .text._ZN16Screen3PresenterD0Ev
                0x080006aa       0x14 build/ST/STM32469IDISCO/gui/src/screen3_screen/Screen3Presenter.o
                0x080006aa                Screen3Presenter::~Screen3Presenter()
                0x080006b8                non-virtual thunk to Screen3Presenter::~Screen3Presenter()
 *fill*         0x080006be        0x2 00000000
 .text._ZN16Screen3PresenterC2ER11Screen3View
                0x080006c0       0x1c build/ST/STM32469IDISCO/gui/src/screen3_screen/Screen3Presenter.o
                0x080006c0                Screen3Presenter::Screen3Presenter(Screen3View&)
                0x080006c0                Screen3Presenter::Screen3Presenter(Screen3View&)
 .text._ZN8touchgfx11Application15appSwitchScreenEh
                0x080006dc        0x2 build/ST/STM32469IDISCO/gui/src/common/FrontendApplication.o
                0x080006dc                touchgfx::Application::appSwitchScreen(unsigned char)
 .text._ZN19FrontendApplicationD2Ev
                0x080006de        0x2 build/ST/STM32469IDISCO/gui/src/common/FrontendApplication.o
                0x080006de                FrontendApplication::~FrontendApplication()
                0x080006de                FrontendApplication::~FrontendApplication()
 .text._ZN19FrontendApplicationD0Ev
                0x080006e0       0x10 build/ST/STM32469IDISCO/gui/src/common/FrontendApplication.o
                0x080006e0                FrontendApplication::~FrontendApplication()
 .text._ZN19FrontendApplication15handleTickEventEv
                0x080006f0       0x16 build/ST/STM32469IDISCO/gui/src/common/FrontendApplication.o
                0x080006f0                FrontendApplication::handleTickEvent()
 .text._ZN8touchgfx14MVPApplication29handlePendingScreenTransitionEv
                0x08000706       0x24 build/ST/STM32469IDISCO/gui/src/common/FrontendApplication.o
                0x08000706                touchgfx::MVPApplication::handlePendingScreenTransition()
 *fill*         0x0800072a        0x2 00000000
 .text._ZN19FrontendApplicationC2ER5ModelR12FrontendHeap
                0x0800072c       0x14 build/ST/STM32469IDISCO/gui/src/common/FrontendApplication.o
                0x0800072c                FrontendApplication::FrontendApplication(Model&, FrontendHeap&)
                0x0800072c                FrontendApplication::FrontendApplication(Model&, FrontendHeap&)
 .text._ZN8touchgfx6Screen11setupScreenEv
                0x08000740        0x2 build/ST/STM32469IDISCO/generated/gui_generated/src/screen5_screen/Screen5ViewBase.o
                0x08000740                touchgfx::Screen::setupScreen()
 .text._ZN8touchgfx6Screen14tearDownScreenEv
                0x08000742        0x2 build/ST/STM32469IDISCO/generated/gui_generated/src/screen5_screen/Screen5ViewBase.o
                0x08000742                touchgfx::Screen::tearDownScreen()
 .text._ZN8touchgfx8Drawable11setPositionEssss
                0x08000744       0x28 build/ST/STM32469IDISCO/generated/gui_generated/src/screen2_screen/Screen2ViewBase.o
                0x08000744                touchgfx::Drawable::setPosition(short, short, short, short)
 .text._ZN8touchgfx8Drawable4setXEs
                0x0800076c        0x4 build/ST/STM32469IDISCO/generated/gui_generated/src/screen2_screen/Screen2ViewBase.o
                0x0800076c                touchgfx::Drawable::setX(short)
 .text._ZN8touchgfx8Drawable4setYEs
                0x08000770        0x4 build/ST/STM32469IDISCO/generated/gui_generated/src/screen2_screen/Screen2ViewBase.o
                0x08000770                touchgfx::Drawable::setY(short)
 .text._ZN8touchgfx8Drawable5setXYEss
                0x08000774       0x1a build/ST/STM32469IDISCO/generated/gui_generated/src/screen2_screen/Screen2ViewBase.o
                0x08000774                touchgfx::Drawable::setXY(short, short)
 .text._ZN8touchgfx8Drawable8setWidthEs
                0x0800078e        0x4 build/ST/STM32469IDISCO/generated/gui_generated/src/screen2_screen/Screen2ViewBase.o
                0x0800078e                touchgfx::Drawable::setWidth(short)
 .text._ZN8touchgfx8Drawable9setHeightEs
                0x08000792        0x4 build/ST/STM32469IDISCO/generated/gui_generated/src/screen2_screen/Screen2ViewBase.o
                0x08000792                touchgfx::Drawable::setHeight(short)
 .text._ZN8touchgfx8Drawable20childGeometryChangedEv
                0x08000796        0x2 build/ST/STM32469IDISCO/generated/gui_generated/src/screen2_screen/Screen2ViewBase.o
                0x08000796                touchgfx::Drawable::childGeometryChanged()
 .text._ZN8touchgfx8Drawable16handleClickEventERKNS_10ClickEventE
                0x08000798        0x2 build/ST/STM32469IDISCO/generated/gui_generated/src/screen2_screen/Screen2ViewBase.o
                0x08000798                touchgfx::Drawable::handleClickEvent(touchgfx::ClickEvent const&)
 .text._ZN8touchgfx8Drawable18handleGestureEventERKNS_12GestureEventE
                0x0800079a        0x2 build/ST/STM32469IDISCO/generated/gui_generated/src/screen2_screen/Screen2ViewBase.o
                0x0800079a                touchgfx::Drawable::handleGestureEvent(touchgfx::GestureEvent const&)
 .text._ZN8touchgfx8Drawable15handleDragEventERKNS_9DragEventE
                0x0800079c        0x2 build/ST/STM32469IDISCO/generated/gui_generated/src/screen2_screen/Screen2ViewBase.o
                0x0800079c                touchgfx::Drawable::handleDragEvent(touchgfx::DragEvent const&)
 .text._ZN8touchgfx8Drawable15handleTickEventEv
                0x0800079e        0x2 build/ST/STM32469IDISCO/generated/gui_generated/src/screen2_screen/Screen2ViewBase.o
                0x0800079e                touchgfx::Drawable::handleTickEvent()
 .text._ZN8touchgfx8Drawable6moveToEss
                0x080007a0       0x18 build/ST/STM32469IDISCO/generated/gui_generated/src/screen2_screen/Screen2ViewBase.o
                0x080007a0                touchgfx::Drawable::moveTo(short, short)
 .text._ZN8touchgfx8Drawable14setupDrawChainERKNS_4RectEPPS0_
                0x080007b8       0x12 build/ST/STM32469IDISCO/generated/gui_generated/src/screen2_screen/Screen2ViewBase.o
                0x080007b8                touchgfx::Drawable::setupDrawChain(touchgfx::Rect const&, touchgfx::Drawable**)
 .text._ZN8touchgfx6Widget12getLastChildEssPPNS_8DrawableE
                0x080007ca       0x10 build/ST/STM32469IDISCO/generated/gui_generated/src/screen2_screen/Screen2ViewBase.o
                0x080007ca                touchgfx::Widget::getLastChild(short, short, touchgfx::Drawable**)
 .text._ZNK8touchgfx6Widget7getTypeEv
                0x080007da        0x4 build/ST/STM32469IDISCO/generated/gui_generated/src/screen2_screen/Screen2ViewBase.o
                0x080007da                touchgfx::Widget::getType() const
 .text._ZN15Screen2ViewBaseD2Ev
                0x080007de        0x2 build/ST/STM32469IDISCO/generated/gui_generated/src/screen2_screen/Screen2ViewBase.o
                0x080007de                Screen2ViewBase::~Screen2ViewBase()
                0x080007de                Screen2ViewBase::~Screen2ViewBase()
 .text._ZN15Screen2ViewBase11setupScreenEv
                0x080007e0        0x2 build/ST/STM32469IDISCO/generated/gui_generated/src/screen2_screen/Screen2ViewBase.o
                0x080007e0                Screen2ViewBase::setupScreen()
 .text._ZN8touchgfx8CallbackI15Screen2ViewBaseRKNS_14AbstractButtonEvvED2Ev
                0x080007e2        0x2 build/ST/STM32469IDISCO/generated/gui_generated/src/screen2_screen/Screen2ViewBase.o
                0x080007e2                touchgfx::Callback<Screen2ViewBase, touchgfx::AbstractButton const&, void, void>::~Callback()
                0x080007e2                touchgfx::Callback<Screen2ViewBase, touchgfx::AbstractButton const&, void, void>::~Callback()
 .text._ZN8touchgfx8CallbackI15Screen2ViewBaseRKNS_14AbstractButtonEvvE7executeES4_
                0x080007e4       0x20 build/ST/STM32469IDISCO/generated/gui_generated/src/screen2_screen/Screen2ViewBase.o
                0x080007e4                touchgfx::Callback<Screen2ViewBase, touchgfx::AbstractButton const&, void, void>::execute(touchgfx::AbstractButton const&)
 .text._ZNK8touchgfx8CallbackI15Screen2ViewBaseRKNS_14AbstractButtonEvvE7isValidEv
                0x08000804       0x18 build/ST/STM32469IDISCO/generated/gui_generated/src/screen2_screen/Screen2ViewBase.o
                0x08000804                touchgfx::Callback<Screen2ViewBase, touchgfx::AbstractButton const&, void, void>::isValid() const
 .text._ZN8touchgfx8CallbackI15Screen2ViewBaseRKNS_14AbstractButtonEvvED0Ev
                0x0800081c        0xe build/ST/STM32469IDISCO/generated/gui_generated/src/screen2_screen/Screen2ViewBase.o
                0x0800081c                touchgfx::Callback<Screen2ViewBase, touchgfx::AbstractButton const&, void, void>::~Callback()
 .text._ZN15Screen2ViewBaseD0Ev
                0x0800082a        0xe build/ST/STM32469IDISCO/generated/gui_generated/src/screen2_screen/Screen2ViewBase.o
                0x0800082a                Screen2ViewBase::~Screen2ViewBase()
 .text._ZN15Screen2ViewBase14handleKeyEventEh
                0x08000838       0x14 build/ST/STM32469IDISCO/generated/gui_generated/src/screen2_screen/Screen2ViewBase.o
                0x08000838                Screen2ViewBase::handleKeyEvent(unsigned char)
 .text._ZN15Screen2ViewBase21buttonCallbackHandlerERKN8touchgfx14AbstractButtonE
                0x0800084c       0x16 build/ST/STM32469IDISCO/generated/gui_generated/src/screen2_screen/Screen2ViewBase.o
                0x0800084c                Screen2ViewBase::buttonCallbackHandler(touchgfx::AbstractButton const&)
 *fill*         0x08000862        0x2 00000000
 .text._ZN15Screen2ViewBaseC2Ev
                0x08000864      0x138 build/ST/STM32469IDISCO/generated/gui_generated/src/screen2_screen/Screen2ViewBase.o
                0x08000864                Screen2ViewBase::Screen2ViewBase()
                0x08000864                Screen2ViewBase::Screen2ViewBase()
 .text._ZNK8touchgfx8TextArea12getSolidRectEv
                0x0800099c        0xc build/ST/STM32469IDISCO/generated/gui_generated/src/screen1_screen/Screen1ViewBase.o
                0x0800099c                touchgfx::TextArea::getSolidRect() const
 .text._ZN8touchgfx8TextArea13setXBaselineYEss
                0x080009a8       0x1a build/ST/STM32469IDISCO/generated/gui_generated/src/screen1_screen/Screen1ViewBase.o
                0x080009a8                touchgfx::TextArea::setXBaselineY(short, short)
 .text._ZNK8touchgfx8TextArea7getTypeEv
                0x080009c2        0x4 build/ST/STM32469IDISCO/generated/gui_generated/src/screen1_screen/Screen1ViewBase.o
                0x080009c2                touchgfx::TextArea::getType() const
 .text._ZNK8touchgfx23TextAreaWithOneWildcard7getTypeEv
                0x080009c6        0x4 build/ST/STM32469IDISCO/generated/gui_generated/src/screen1_screen/Screen1ViewBase.o
                0x080009c6                touchgfx::TextAreaWithOneWildcard::getType() const
 .text._ZN15Screen1ViewBase15button1_clickedEv
                0x080009ca        0x2 build/ST/STM32469IDISCO/generated/gui_generated/src/screen1_screen/Screen1ViewBase.o
                0x080009ca                Screen1ViewBase::button1_clicked()
 .text._ZN15Screen1ViewBase15button2_clickedEv
                0x080009cc        0x2 build/ST/STM32469IDISCO/generated/gui_generated/src/screen1_screen/Screen1ViewBase.o
                0x080009cc                Screen1ViewBase::button2_clicked()
 .text._ZN15Screen1ViewBase11setupScreenEv
                0x080009ce        0x2 build/ST/STM32469IDISCO/generated/gui_generated/src/screen1_screen/Screen1ViewBase.o
                0x080009ce                Screen1ViewBase::setupScreen()
 .text._ZN8touchgfx8CallbackI15Screen1ViewBaseRKNS_14AbstractButtonEvvED2Ev
                0x080009d0        0x2 build/ST/STM32469IDISCO/generated/gui_generated/src/screen1_screen/Screen1ViewBase.o
                0x080009d0                touchgfx::Callback<Screen1ViewBase, touchgfx::AbstractButton const&, void, void>::~Callback()
                0x080009d0                touchgfx::Callback<Screen1ViewBase, touchgfx::AbstractButton const&, void, void>::~Callback()
 .text._ZN8touchgfx23TextAreaWithOneWildcardD2Ev
                0x080009d2        0x2 build/ST/STM32469IDISCO/generated/gui_generated/src/screen1_screen/Screen1ViewBase.o
                0x080009d2                touchgfx::TextAreaWithOneWildcard::~TextAreaWithOneWildcard()
                0x080009d2                touchgfx::TextAreaWithOneWildcard::~TextAreaWithOneWildcard()
 .text._ZN8touchgfx8CallbackI15Screen1ViewBaseRKNS_14AbstractButtonEvvE7executeES4_
                0x080009d4       0x20 build/ST/STM32469IDISCO/generated/gui_generated/src/screen1_screen/Screen1ViewBase.o
                0x080009d4                touchgfx::Callback<Screen1ViewBase, touchgfx::AbstractButton const&, void, void>::execute(touchgfx::AbstractButton const&)
 .text._ZNK8touchgfx8CallbackI15Screen1ViewBaseRKNS_14AbstractButtonEvvE7isValidEv
                0x080009f4       0x18 build/ST/STM32469IDISCO/generated/gui_generated/src/screen1_screen/Screen1ViewBase.o
                0x080009f4                touchgfx::Callback<Screen1ViewBase, touchgfx::AbstractButton const&, void, void>::isValid() const
 .text._ZN8touchgfx23TextAreaWithOneWildcardD0Ev
                0x08000a0c        0xe build/ST/STM32469IDISCO/generated/gui_generated/src/screen1_screen/Screen1ViewBase.o
                0x08000a0c                touchgfx::TextAreaWithOneWildcard::~TextAreaWithOneWildcard()
 .text._ZN8touchgfx8CallbackI15Screen1ViewBaseRKNS_14AbstractButtonEvvED0Ev
                0x08000a1a        0xe build/ST/STM32469IDISCO/generated/gui_generated/src/screen1_screen/Screen1ViewBase.o
                0x08000a1a                touchgfx::Callback<Screen1ViewBase, touchgfx::AbstractButton const&, void, void>::~Callback()
 .text._ZN15Screen1ViewBase21buttonCallbackHandlerERKN8touchgfx14AbstractButtonE
                0x08000a28       0x38 build/ST/STM32469IDISCO/generated/gui_generated/src/screen1_screen/Screen1ViewBase.o
                0x08000a28                Screen1ViewBase::buttonCallbackHandler(touchgfx::AbstractButton const&)
 .text._ZN8touchgfx8DrawableC2Ev
                0x08000a60       0x2c build/ST/STM32469IDISCO/generated/gui_generated/src/screen1_screen/Screen1ViewBase.o
                0x08000a60                touchgfx::Drawable::Drawable()
                0x08000a60                touchgfx::Drawable::Drawable()
 .text._ZNK8touchgfx9TypedText11assertValidEv
                0x08000a8c       0x40 build/ST/STM32469IDISCO/generated/gui_generated/src/screen1_screen/Screen1ViewBase.o
                0x08000a8c                touchgfx::TypedText::assertValid() const
 .text._ZNK8touchgfx9TypedText7getFontEv
                0x08000acc       0x24 build/ST/STM32469IDISCO/generated/gui_generated/src/screen1_screen/Screen1ViewBase.o
                0x08000acc                touchgfx::TypedText::getFont() const
 .text._ZN8touchgfx8TextArea12setBaselineYEs
                0x08000af0       0x28 build/ST/STM32469IDISCO/generated/gui_generated/src/screen1_screen/Screen1ViewBase.o
                0x08000af0                touchgfx::TextArea::setBaselineY(short)
 .text._ZNK8touchgfx9TypedText7getTextEv
                0x08000b18       0x18 build/ST/STM32469IDISCO/generated/gui_generated/src/screen1_screen/Screen1ViewBase.o
                0x08000b18                touchgfx::TypedText::getText() const
 .text._ZN8touchgfx23TextAreaWithOneWildcard13getTextHeightEv
                0x08000b30       0x26 build/ST/STM32469IDISCO/generated/gui_generated/src/screen1_screen/Screen1ViewBase.o
                0x08000b30                touchgfx::TextAreaWithOneWildcard::getTextHeight()
 *fill*         0x08000b56        0x2 00000000
 .text._ZNK8touchgfx23TextAreaWithOneWildcard4drawERKNS_4RectE
                0x08000b58       0xbc build/ST/STM32469IDISCO/generated/gui_generated/src/screen1_screen/Screen1ViewBase.o
                0x08000b58                touchgfx::TextAreaWithOneWildcard::draw(touchgfx::Rect const&) const
 .text._ZNK8touchgfx23TextAreaWithOneWildcard12getTextWidthEv
                0x08000c14       0x54 build/ST/STM32469IDISCO/generated/gui_generated/src/screen1_screen/Screen1ViewBase.o
                0x08000c14                touchgfx::TextAreaWithOneWildcard::getTextWidth() const
 .text._ZN8touchgfx23TextAreaWithOneWildcardC2Ev
                0x08000c68       0x34 build/ST/STM32469IDISCO/generated/gui_generated/src/screen1_screen/Screen1ViewBase.o
                0x08000c68                touchgfx::TextAreaWithOneWildcard::TextAreaWithOneWildcard()
                0x08000c68                touchgfx::TextAreaWithOneWildcard::TextAreaWithOneWildcard()
 .text._ZN15Screen1ViewBaseC2Ev
                0x08000c9c      0x408 build/ST/STM32469IDISCO/generated/gui_generated/src/screen1_screen/Screen1ViewBase.o
                0x08000c9c                Screen1ViewBase::Screen1ViewBase()
                0x08000c9c                Screen1ViewBase::Screen1ViewBase()
 .text._ZN15Screen1ViewBaseD2Ev
                0x080010a4       0x20 build/ST/STM32469IDISCO/generated/gui_generated/src/screen1_screen/Screen1ViewBase.o
                0x080010a4                Screen1ViewBase::~Screen1ViewBase()
                0x080010a4                Screen1ViewBase::~Screen1ViewBase()
 .text._ZN15Screen1ViewBaseD0Ev
                0x080010c4       0x16 build/ST/STM32469IDISCO/generated/gui_generated/src/screen1_screen/Screen1ViewBase.o
                0x080010c4                Screen1ViewBase::~Screen1ViewBase()
 .text._ZN15Screen3ViewBaseD2Ev
                0x080010da        0x2 build/ST/STM32469IDISCO/generated/gui_generated/src/screen3_screen/Screen3ViewBase.o
                0x080010da                Screen3ViewBase::~Screen3ViewBase()
                0x080010da                Screen3ViewBase::~Screen3ViewBase()
 .text._ZN15Screen3ViewBase11setupScreenEv
                0x080010dc        0x2 build/ST/STM32469IDISCO/generated/gui_generated/src/screen3_screen/Screen3ViewBase.o
                0x080010dc                Screen3ViewBase::setupScreen()
 .text._ZN15Screen3ViewBaseD0Ev
                0x080010de        0xe build/ST/STM32469IDISCO/generated/gui_generated/src/screen3_screen/Screen3ViewBase.o
                0x080010de                Screen3ViewBase::~Screen3ViewBase()
 .text._ZN15Screen3ViewBaseC2Ev
                0x080010ec       0x90 build/ST/STM32469IDISCO/generated/gui_generated/src/screen3_screen/Screen3ViewBase.o
                0x080010ec                Screen3ViewBase::Screen3ViewBase()
                0x080010ec                Screen3ViewBase::Screen3ViewBase()
 .text._ZN8touchgfx10Transition8tearDownEv
                0x0800117c        0x2 build/ST/STM32469IDISCO/generated/gui_generated/src/common/FrontendApplicationBase.o
                0x0800117c                touchgfx::Transition::tearDown()
 .text._ZN8touchgfx10Transition4initEv
                0x0800117e        0x2 build/ST/STM32469IDISCO/generated/gui_generated/src/common/FrontendApplicationBase.o
                0x0800117e                touchgfx::Transition::init()
 .text._ZN8touchgfx10Transition18setScreenContainerERNS_9ContainerE
                0x08001180        0x4 build/ST/STM32469IDISCO/generated/gui_generated/src/common/FrontendApplicationBase.o
                0x08001180                touchgfx::Transition::setScreenContainer(touchgfx::Container&)
 .text._ZN23FrontendApplicationBaseD2Ev
                0x08001184        0x2 build/ST/STM32469IDISCO/generated/gui_generated/src/common/FrontendApplicationBase.o
                0x08001184                FrontendApplicationBase::~FrontendApplicationBase()
                0x08001184                FrontendApplicationBase::~FrontendApplicationBase()
 .text._ZN8touchgfx12NoTransitionD2Ev
                0x08001186        0x2 build/ST/STM32469IDISCO/generated/gui_generated/src/common/FrontendApplicationBase.o
                0x08001186                touchgfx::NoTransition::~NoTransition()
                0x08001186                touchgfx::NoTransition::~NoTransition()
 .text._ZN8touchgfx12NoTransition15handleTickEventEv
                0x08001188        0x6 build/ST/STM32469IDISCO/generated/gui_generated/src/common/FrontendApplicationBase.o
                0x08001188                touchgfx::NoTransition::handleTickEvent()
 .text._ZN8touchgfx8CallbackINS_15CoverTransitionILNS_9DirectionE1EEERNS_8DrawableEvvED2Ev
                0x0800118e        0x2 build/ST/STM32469IDISCO/generated/gui_generated/src/common/FrontendApplicationBase.o
                0x0800118e                touchgfx::Callback<touchgfx::CoverTransition<(touchgfx::Direction)1>, touchgfx::Drawable&, void, void>::~Callback()
                0x0800118e                touchgfx::Callback<touchgfx::CoverTransition<(touchgfx::Direction)1>, touchgfx::Drawable&, void, void>::~Callback()
 .text._ZN8touchgfx8CallbackINS_15SlideTransitionILNS_9DirectionE2EEERNS_8DrawableEvvED2Ev
                0x08001190        0x2 build/ST/STM32469IDISCO/generated/gui_generated/src/common/FrontendApplicationBase.o
                0x08001190                touchgfx::Callback<touchgfx::SlideTransition<(touchgfx::Direction)2>, touchgfx::Drawable&, void, void>::~Callback()
                0x08001190                touchgfx::Callback<touchgfx::SlideTransition<(touchgfx::Direction)2>, touchgfx::Drawable&, void, void>::~Callback()
 .text._ZN8touchgfx15CoverTransitionILNS_9DirectionE1EE13FullSolidRectD2Ev
                0x08001192        0x2 build/ST/STM32469IDISCO/generated/gui_generated/src/common/FrontendApplicationBase.o
                0x08001192                touchgfx::CoverTransition<(touchgfx::Direction)1>::FullSolidRect::~FullSolidRect()
                0x08001192                touchgfx::CoverTransition<(touchgfx::Direction)1>::FullSolidRect::~FullSolidRect()
 .text._ZN8touchgfx8CallbackI23FrontendApplicationBasevvvED2Ev
                0x08001194        0x2 build/ST/STM32469IDISCO/generated/gui_generated/src/common/FrontendApplicationBase.o
                0x08001194                touchgfx::Callback<FrontendApplicationBase, void, void, void>::~Callback()
                0x08001194                touchgfx::Callback<FrontendApplicationBase, void, void, void>::~Callback()
 .text._ZN8touchgfx15CoverTransitionILNS_9DirectionE1EED2Ev
                0x08001196        0x2 build/ST/STM32469IDISCO/generated/gui_generated/src/common/FrontendApplicationBase.o
                0x08001196                touchgfx::CoverTransition<(touchgfx::Direction)1>::~CoverTransition()
                0x08001196                touchgfx::CoverTransition<(touchgfx::Direction)1>::~CoverTransition()
 .text._ZN8touchgfx15CoverTransitionILNS_9DirectionE1EE8tearDownEv
                0x08001198        0xe build/ST/STM32469IDISCO/generated/gui_generated/src/common/FrontendApplicationBase.o
                0x08001198                touchgfx::CoverTransition<(touchgfx::Direction)1>::tearDown()
 *fill*         0x080011a6        0x2 00000000
 .text._ZN8touchgfx15CoverTransitionILNS_9DirectionE1EE4initEv
                0x080011a8       0x30 build/ST/STM32469IDISCO/generated/gui_generated/src/common/FrontendApplicationBase.o
                0x080011a8                touchgfx::CoverTransition<(touchgfx::Direction)1>::init()
 .text._ZNK8touchgfx15CoverTransitionILNS_9DirectionE1EE13FullSolidRect4drawERKNS_4RectE
                0x080011d8        0x2 build/ST/STM32469IDISCO/generated/gui_generated/src/common/FrontendApplicationBase.o
                0x080011d8                touchgfx::CoverTransition<(touchgfx::Direction)1>::FullSolidRect::draw(touchgfx::Rect const&) const
 *fill*         0x080011da        0x2 00000000
 .text._ZNK8touchgfx15CoverTransitionILNS_9DirectionE1EE13FullSolidRect12getSolidRectEv
                0x080011dc       0x24 build/ST/STM32469IDISCO/generated/gui_generated/src/common/FrontendApplicationBase.o
                0x080011dc                touchgfx::CoverTransition<(touchgfx::Direction)1>::FullSolidRect::getSolidRect() const
 .text._ZN8touchgfx8CallbackINS_15CoverTransitionILNS_9DirectionE1EEERNS_8DrawableEvvE7executeES5_
                0x08001200       0x20 build/ST/STM32469IDISCO/generated/gui_generated/src/common/FrontendApplicationBase.o
                0x08001200                touchgfx::Callback<touchgfx::CoverTransition<(touchgfx::Direction)1>, touchgfx::Drawable&, void, void>::execute(touchgfx::Drawable&)
 .text._ZNK8touchgfx8CallbackINS_15CoverTransitionILNS_9DirectionE1EEERNS_8DrawableEvvE7isValidEv
                0x08001220       0x18 build/ST/STM32469IDISCO/generated/gui_generated/src/common/FrontendApplicationBase.o
                0x08001220                touchgfx::Callback<touchgfx::CoverTransition<(touchgfx::Direction)1>, touchgfx::Drawable&, void, void>::isValid() const
 .text._ZN8touchgfx8CallbackINS_15SlideTransitionILNS_9DirectionE2EEERNS_8DrawableEvvE7executeES5_
                0x08001238       0x20 build/ST/STM32469IDISCO/generated/gui_generated/src/common/FrontendApplicationBase.o
                0x08001238                touchgfx::Callback<touchgfx::SlideTransition<(touchgfx::Direction)2>, touchgfx::Drawable&, void, void>::execute(touchgfx::Drawable&)
 .text._ZNK8touchgfx8CallbackINS_15SlideTransitionILNS_9DirectionE2EEERNS_8DrawableEvvE7isValidEv
                0x08001258       0x18 build/ST/STM32469IDISCO/generated/gui_generated/src/common/FrontendApplicationBase.o
                0x08001258                touchgfx::Callback<touchgfx::SlideTransition<(touchgfx::Direction)2>, touchgfx::Drawable&, void, void>::isValid() const
 .text._ZN8touchgfx8CallbackI23FrontendApplicationBasevvvE7executeEv
                0x08001270       0x1a build/ST/STM32469IDISCO/generated/gui_generated/src/common/FrontendApplicationBase.o
                0x08001270                touchgfx::Callback<FrontendApplicationBase, void, void, void>::execute()
 .text._ZNK8touchgfx8CallbackI23FrontendApplicationBasevvvE7isValidEv
                0x0800128a       0x18 build/ST/STM32469IDISCO/generated/gui_generated/src/common/FrontendApplicationBase.o
                0x0800128a                touchgfx::Callback<FrontendApplicationBase, void, void, void>::isValid() const
 .text._ZN8touchgfx12NoTransitionD0Ev
                0x080012a2        0xe build/ST/STM32469IDISCO/generated/gui_generated/src/common/FrontendApplicationBase.o
                0x080012a2                touchgfx::NoTransition::~NoTransition()
 .text._ZN23FrontendApplicationBaseD0Ev
                0x080012b0       0x10 build/ST/STM32469IDISCO/generated/gui_generated/src/common/FrontendApplicationBase.o
                0x080012b0                FrontendApplicationBase::~FrontendApplicationBase()
 .text._ZN8touchgfx8CallbackI23FrontendApplicationBasevvvED0Ev
                0x080012c0        0xe build/ST/STM32469IDISCO/generated/gui_generated/src/common/FrontendApplicationBase.o
                0x080012c0                touchgfx::Callback<FrontendApplicationBase, void, void, void>::~Callback()
 .text._ZN8touchgfx15CoverTransitionILNS_9DirectionE1EE13FullSolidRectD0Ev
                0x080012ce        0xe build/ST/STM32469IDISCO/generated/gui_generated/src/common/FrontendApplicationBase.o
                0x080012ce                touchgfx::CoverTransition<(touchgfx::Direction)1>::FullSolidRect::~FullSolidRect()
 .text._ZN8touchgfx15CoverTransitionILNS_9DirectionE1EED0Ev
                0x080012dc        0xe build/ST/STM32469IDISCO/generated/gui_generated/src/common/FrontendApplicationBase.o
                0x080012dc                touchgfx::CoverTransition<(touchgfx::Direction)1>::~CoverTransition()
 .text._ZN8touchgfx8CallbackINS_15CoverTransitionILNS_9DirectionE1EEERNS_8DrawableEvvED0Ev
                0x080012ea        0xe build/ST/STM32469IDISCO/generated/gui_generated/src/common/FrontendApplicationBase.o
                0x080012ea                touchgfx::Callback<touchgfx::CoverTransition<(touchgfx::Direction)1>, touchgfx::Drawable&, void, void>::~Callback()
 .text._ZN8touchgfx8CallbackINS_15SlideTransitionILNS_9DirectionE2EEERNS_8DrawableEvvED0Ev
                0x080012f8        0xe build/ST/STM32469IDISCO/generated/gui_generated/src/common/FrontendApplicationBase.o
                0x080012f8                touchgfx::Callback<touchgfx::SlideTransition<(touchgfx::Direction)2>, touchgfx::Drawable&, void, void>::~Callback()
 .text._ZN8touchgfxL17prepareTransitionEPPNS_6ScreenEPPNS_9PresenterEPPNS_10TransitionE
                0x08001306       0x52 build/ST/STM32469IDISCO/generated/gui_generated/src/common/FrontendApplicationBase.o
 .text._ZN8touchgfxL18finalizeTransitionEPNS_6ScreenEPNS_9PresenterEPNS_10TransitionE
                0x08001358       0x34 build/ST/STM32469IDISCO/generated/gui_generated/src/common/FrontendApplicationBase.o
 .text._ZN8touchgfx15CoverTransitionILNS_9DirectionE1EE16tickMoveDrawableERNS_8DrawableE
                0x0800138c       0x3c build/ST/STM32469IDISCO/generated/gui_generated/src/common/FrontendApplicationBase.o
                0x0800138c                touchgfx::CoverTransition<(touchgfx::Direction)1>::tickMoveDrawable(touchgfx::Drawable&)
 .text._ZN8touchgfx15SlideTransitionILNS_9DirectionE2EE16tickMoveDrawableERNS_8DrawableE
                0x080013c8       0x44 build/ST/STM32469IDISCO/generated/gui_generated/src/common/FrontendApplicationBase.o
                0x080013c8                touchgfx::SlideTransition<(touchgfx::Direction)2>::tickMoveDrawable(touchgfx::Drawable&)
 .text._ZN8touchgfx15SlideTransitionILNS_9DirectionE2EE8tearDownEv
                0x0800140c       0x1c build/ST/STM32469IDISCO/generated/gui_generated/src/common/FrontendApplicationBase.o
                0x0800140c                touchgfx::SlideTransition<(touchgfx::Direction)2>::tearDown()
 .text._ZN8touchgfx15SlideTransitionILNS_9DirectionE2EE16initMoveDrawableERNS_8DrawableE.part.4
                0x08001428       0x14 build/ST/STM32469IDISCO/generated/gui_generated/src/common/FrontendApplicationBase.o
 .text._ZN8touchgfx15CoverTransitionILNS_9DirectionE1EE16initMoveDrawableERNS_8DrawableE
                0x0800143c       0x60 build/ST/STM32469IDISCO/generated/gui_generated/src/common/FrontendApplicationBase.o
                0x0800143c                touchgfx::CoverTransition<(touchgfx::Direction)1>::initMoveDrawable(touchgfx::Drawable&)
 .text._ZN8touchgfx15SlideTransitionILNS_9DirectionE2EE16initMoveDrawableERNS_8DrawableE
                0x0800149c       0x60 build/ST/STM32469IDISCO/generated/gui_generated/src/common/FrontendApplicationBase.o
                0x0800149c                touchgfx::SlideTransition<(touchgfx::Direction)2>::initMoveDrawable(touchgfx::Drawable&)
 .text._ZN8touchgfx15CoverTransitionILNS_9DirectionE1EE15handleTickEventEv
                0x080014fc      0x110 build/ST/STM32469IDISCO/generated/gui_generated/src/common/FrontendApplicationBase.o
                0x080014fc                touchgfx::CoverTransition<(touchgfx::Direction)1>::handleTickEvent()
 .text._ZN8touchgfx15SlideTransitionILNS_9DirectionE2EE15handleTickEventEv
                0x0800160c       0xac build/ST/STM32469IDISCO/generated/gui_generated/src/common/FrontendApplicationBase.o
                0x0800160c                touchgfx::SlideTransition<(touchgfx::Direction)2>::handleTickEvent()
 .text._ZN8touchgfx15SlideTransitionILNS_9DirectionE2EE4initEv
                0x080016b8       0x3c build/ST/STM32469IDISCO/generated/gui_generated/src/common/FrontendApplicationBase.o
                0x080016b8                touchgfx::SlideTransition<(touchgfx::Direction)2>::init()
 .text._ZN23FrontendApplicationBaseC2ER5ModelR12FrontendHeap
                0x080016f4       0x4c build/ST/STM32469IDISCO/generated/gui_generated/src/common/FrontendApplicationBase.o
                0x080016f4                FrontendApplicationBase::FrontendApplicationBase(Model&, FrontendHeap&)
                0x080016f4                FrontendApplicationBase::FrontendApplicationBase(Model&, FrontendHeap&)
 .text._ZN23FrontendApplicationBase37gotoScreen1ScreenCoverTransitionSouthEv
                0x08001740       0x20 build/ST/STM32469IDISCO/generated/gui_generated/src/common/FrontendApplicationBase.o
                0x08001740                FrontendApplicationBase::gotoScreen1ScreenCoverTransitionSouth()
 .text._ZN23FrontendApplicationBase29gotoScreen2ScreenNoTransitionEv
                0x08001760       0x20 build/ST/STM32469IDISCO/generated/gui_generated/src/common/FrontendApplicationBase.o
                0x08001760                FrontendApplicationBase::gotoScreen2ScreenNoTransition()
 .text._ZN23FrontendApplicationBase36gotoScreen2ScreenSlideTransitionEastEv
                0x08001780       0x20 build/ST/STM32469IDISCO/generated/gui_generated/src/common/FrontendApplicationBase.o
                0x08001780                FrontendApplicationBase::gotoScreen2ScreenSlideTransitionEast()
 .text._ZN23FrontendApplicationBase36gotoScreen3ScreenSlideTransitionEastEv
                0x080017a0       0x20 build/ST/STM32469IDISCO/generated/gui_generated/src/common/FrontendApplicationBase.o
                0x080017a0                FrontendApplicationBase::gotoScreen3ScreenSlideTransitionEast()
 .text._ZN8touchgfx14makeTransitionI11Screen1View16Screen1PresenterNS_15CoverTransitionILNS_9DirectionE1EEE5ModelEEPT0_PPNS_6ScreenEPPNS_9PresenterERNS_7MVPHeapEPPNS_10TransitionEPT2_
                0x080017c0      0x148 build/ST/STM32469IDISCO/generated/gui_generated/src/common/FrontendApplicationBase.o
                0x080017c0                Screen1Presenter* touchgfx::makeTransition<Screen1View, Screen1Presenter, touchgfx::CoverTransition<(touchgfx::Direction)1>, Model>(touchgfx::Screen**, touchgfx::Presenter**, touchgfx::MVPHeap&, touchgfx::Transition**, Model*)
 .text._ZN23FrontendApplicationBase41gotoScreen1ScreenCoverTransitionSouthImplEv
                0x08001908       0x28 build/ST/STM32469IDISCO/generated/gui_generated/src/common/FrontendApplicationBase.o
                0x08001908                FrontendApplicationBase::gotoScreen1ScreenCoverTransitionSouthImpl()
 .text._ZN8touchgfx14makeTransitionI11Screen2View16Screen2PresenterNS_12NoTransitionE5ModelEEPT0_PPNS_6ScreenEPPNS_9PresenterERNS_7MVPHeapEPPNS_10TransitionEPT2_
                0x08001930       0xd8 build/ST/STM32469IDISCO/generated/gui_generated/src/common/FrontendApplicationBase.o
                0x08001930                Screen2Presenter* touchgfx::makeTransition<Screen2View, Screen2Presenter, touchgfx::NoTransition, Model>(touchgfx::Screen**, touchgfx::Presenter**, touchgfx::MVPHeap&, touchgfx::Transition**, Model*)
 .text._ZN23FrontendApplicationBase33gotoScreen2ScreenNoTransitionImplEv
                0x08001a08       0x28 build/ST/STM32469IDISCO/generated/gui_generated/src/common/FrontendApplicationBase.o
                0x08001a08                FrontendApplicationBase::gotoScreen2ScreenNoTransitionImpl()
 .text._ZN8touchgfx15SlideTransitionILNS_9DirectionE2EED2Ev
                0x08001a30       0x18 build/ST/STM32469IDISCO/generated/gui_generated/src/common/FrontendApplicationBase.o
                0x08001a30                touchgfx::SlideTransition<(touchgfx::Direction)2>::~SlideTransition()
                0x08001a30                touchgfx::SlideTransition<(touchgfx::Direction)2>::~SlideTransition()
 .text._ZN8touchgfx15SlideTransitionILNS_9DirectionE2EED0Ev
                0x08001a48       0x14 build/ST/STM32469IDISCO/generated/gui_generated/src/common/FrontendApplicationBase.o
                0x08001a48                touchgfx::SlideTransition<(touchgfx::Direction)2>::~SlideTransition()
 .text._ZN8touchgfx15SlideTransitionILNS_9DirectionE2EEC2Eh
                0x08001a5c       0xb0 build/ST/STM32469IDISCO/generated/gui_generated/src/common/FrontendApplicationBase.o
                0x08001a5c                touchgfx::SlideTransition<(touchgfx::Direction)2>::SlideTransition(unsigned char)
                0x08001a5c                touchgfx::SlideTransition<(touchgfx::Direction)2>::SlideTransition(unsigned char)
 .text._ZN8touchgfx14makeTransitionI11Screen2View16Screen2PresenterNS_15SlideTransitionILNS_9DirectionE2EEE5ModelEEPT0_PPNS_6ScreenEPPNS_9PresenterERNS_7MVPHeapEPPNS_10TransitionEPT2_
                0x08001b0c       0xd0 build/ST/STM32469IDISCO/generated/gui_generated/src/common/FrontendApplicationBase.o
                0x08001b0c                Screen2Presenter* touchgfx::makeTransition<Screen2View, Screen2Presenter, touchgfx::SlideTransition<(touchgfx::Direction)2>, Model>(touchgfx::Screen**, touchgfx::Presenter**, touchgfx::MVPHeap&, touchgfx::Transition**, Model*)
 .text._ZN23FrontendApplicationBase40gotoScreen2ScreenSlideTransitionEastImplEv
                0x08001bdc       0x28 build/ST/STM32469IDISCO/generated/gui_generated/src/common/FrontendApplicationBase.o
                0x08001bdc                FrontendApplicationBase::gotoScreen2ScreenSlideTransitionEastImpl()
 .text._ZN8touchgfx14makeTransitionI11Screen3View16Screen3PresenterNS_15SlideTransitionILNS_9DirectionE2EEE5ModelEEPT0_PPNS_6ScreenEPPNS_9PresenterERNS_7MVPHeapEPPNS_10TransitionEPT2_
                0x08001c04       0xd0 build/ST/STM32469IDISCO/generated/gui_generated/src/common/FrontendApplicationBase.o
                0x08001c04                Screen3Presenter* touchgfx::makeTransition<Screen3View, Screen3Presenter, touchgfx::SlideTransition<(touchgfx::Direction)2>, Model>(touchgfx::Screen**, touchgfx::Presenter**, touchgfx::MVPHeap&, touchgfx::Transition**, Model*)
 .text._ZN23FrontendApplicationBase40gotoScreen3ScreenSlideTransitionEastImplEv
                0x08001cd4       0x28 build/ST/STM32469IDISCO/generated/gui_generated/src/common/FrontendApplicationBase.o
                0x08001cd4                FrontendApplicationBase::gotoScreen3ScreenSlideTransitionEastImpl()
 .text._ZN8touchgfx17InternalFlashFontD2Ev
                0x08001cfc        0x2 build/ST/STM32469IDISCO/generated/fonts/src/FontGetters.o
                0x08001cfc                touchgfx::InternalFlashFont::~InternalFlashFont()
                0x08001cfc                touchgfx::InternalFlashFont::~InternalFlashFont()
 *fill*         0x08001cfe        0x2 00000000
 .text._Z25getFont_lucon_TTF_23_4bppv
                0x08001d00       0x70 build/ST/STM32469IDISCO/generated/fonts/src/FontGetters.o
                0x08001d00                getFont_lucon_TTF_23_4bpp()
 .text._Z23getFont_verdana_20_4bppv
                0x08001d70       0x74 build/ST/STM32469IDISCO/generated/fonts/src/FontGetters.o
                0x08001d70                getFont_verdana_20_4bpp()
 .text._Z23getFont_verdana_23_4bppv
                0x08001de4       0x74 build/ST/STM32469IDISCO/generated/fonts/src/FontGetters.o
                0x08001de4                getFont_verdana_23_4bpp()
 .text._Z24getFont_verdana_115_4bppv
                0x08001e58       0x74 build/ST/STM32469IDISCO/generated/fonts/src/FontGetters.o
                0x08001e58                getFont_verdana_115_4bpp()
 .text._ZN8touchgfx17InternalFlashFontD0Ev
                0x08001ecc        0xe build/ST/STM32469IDISCO/generated/fonts/src/FontGetters.o
                0x08001ecc                touchgfx::InternalFlashFont::~InternalFlashFont()
 .text._ZN23ApplicationFontProviderD2Ev
                0x08001eda        0x2 build/ST/STM32469IDISCO/generated/fonts/src/ApplicationFontProvider.o
                0x08001eda                ApplicationFontProvider::~ApplicationFontProvider()
                0x08001eda                ApplicationFontProvider::~ApplicationFontProvider()
 .text._ZN23ApplicationFontProvider7getFontEt
                0x08001edc       0x20 build/ST/STM32469IDISCO/generated/fonts/src/ApplicationFontProvider.o
                0x08001edc                ApplicationFontProvider::getFont(unsigned short)
 .text._ZN23ApplicationFontProviderD0Ev
                0x08001efc        0xe build/ST/STM32469IDISCO/generated/fonts/src/ApplicationFontProvider.o
                0x08001efc                ApplicationFontProvider::~ApplicationFontProvider()
 *fill*         0x08001f0a        0x2 00000000
 .text._ZN14BitmapDatabase11getInstanceEv
                0x08001f0c        0x8 build/ST/STM32469IDISCO/generated/images/src/BitmapDatabase.o
                0x08001f0c                BitmapDatabase::getInstance()
 .text._ZN14BitmapDatabase15getInstanceSizeEv
                0x08001f14        0x4 build/ST/STM32469IDISCO/generated/images/src/BitmapDatabase.o
                0x08001f14                BitmapDatabase::getInstanceSize()
 .text._ZN17TypedTextDatabase11getInstanceEt
                0x08001f18        0x8 build/ST/STM32469IDISCO/generated/texts/src/TypedTextDatabase.o
                0x08001f18                TypedTextDatabase::getInstance(unsigned short)
 .text._ZN17TypedTextDatabase15getInstanceSizeEv
                0x08001f20        0x4 build/ST/STM32469IDISCO/generated/texts/src/TypedTextDatabase.o
                0x08001f20                TypedTextDatabase::getInstanceSize()
 .text._ZN17TypedTextDatabase8getFontsEv
                0x08001f24        0x8 build/ST/STM32469IDISCO/generated/texts/src/TypedTextDatabase.o
                0x08001f24                TypedTextDatabase::getFonts()
 .text.startup._GLOBAL__sub_I__ZN17TypedTextDatabase11getInstanceEt
                0x08001f2c       0x24 build/ST/STM32469IDISCO/generated/texts/src/TypedTextDatabase.o
 .text._ZN8touchgfx5Texts11setLanguageEt
                0x08001f50       0x44 build/ST/STM32469IDISCO/generated/texts/src/Texts.o
                0x08001f50                touchgfx::Texts::setLanguage(unsigned short)
 .text.startup._GLOBAL__sub_I__ZN8touchgfx4Font22getStringWidthFunctionE
                0x08001f94       0x10 build/ST/STM32469IDISCO/generated/texts/src/Texts.o
 .text._ZL12IdleTaskHookPv
                0x08001fa4       0x18 build/ST/STM32469IDISCO/target/os/FreeRTOS7.6.0/OSWrappers.o
 .text._ZN8touchgfx10OSWrappers10initializeEv
                0x08001fbc       0x34 build/ST/STM32469IDISCO/target/os/FreeRTOS7.6.0/OSWrappers.o
                0x08001fbc                touchgfx::OSWrappers::initialize()
 .text._ZN8touchgfx10OSWrappers24takeFrameBufferSemaphoreEv
                0x08001ff0       0x14 build/ST/STM32469IDISCO/target/os/FreeRTOS7.6.0/OSWrappers.o
                0x08001ff0                touchgfx::OSWrappers::takeFrameBufferSemaphore()
 .text._ZN8touchgfx10OSWrappers24giveFrameBufferSemaphoreEv
                0x08002004       0x14 build/ST/STM32469IDISCO/target/os/FreeRTOS7.6.0/OSWrappers.o
                0x08002004                touchgfx::OSWrappers::giveFrameBufferSemaphore()
 .text._ZN8touchgfx10OSWrappers27tryTakeFrameBufferSemaphoreEv
                0x08002018       0x14 build/ST/STM32469IDISCO/target/os/FreeRTOS7.6.0/OSWrappers.o
                0x08002018                touchgfx::OSWrappers::tryTakeFrameBufferSemaphore()
 .text._ZN8touchgfx10OSWrappers31giveFrameBufferSemaphoreFromISREv
                0x0800202c       0x30 build/ST/STM32469IDISCO/target/os/FreeRTOS7.6.0/OSWrappers.o
                0x0800202c                touchgfx::OSWrappers::giveFrameBufferSemaphoreFromISR()
 .text._ZN8touchgfx10OSWrappers11signalVSyncEv
                0x0800205c       0x34 build/ST/STM32469IDISCO/target/os/FreeRTOS7.6.0/OSWrappers.o
                0x0800205c                touchgfx::OSWrappers::signalVSync()
 .text._ZN8touchgfx10OSWrappers12waitForVSyncEv
                0x08002090       0x2c build/ST/STM32469IDISCO/target/os/FreeRTOS7.6.0/OSWrappers.o
                0x08002090                touchgfx::OSWrappers::waitForVSync()
 .text.vApplicationStackOverflowHook
                0x080020bc        0x2 build/ST/STM32469IDISCO/target/os/FreeRTOS7.6.0/OSWrappers.o
                0x080020bc                vApplicationStackOverflowHook
 .text.vApplicationMallocFailedHook
                0x080020be        0x2 build/ST/STM32469IDISCO/target/os/FreeRTOS7.6.0/OSWrappers.o
                0x080020be                vApplicationMallocFailedHook
 .text.vApplicationIdleHook
                0x080020c0        0xc build/ST/STM32469IDISCO/target/os/FreeRTOS7.6.0/OSWrappers.o
                0x080020c0                vApplicationIdleHook
 .text.__cxa_atexit
                0x080020cc        0x2 build/ST/STM32469IDISCO/target/gcc/gccstubs.o
                0x080020cc                __cxa_atexit
 .text.__cxa_guard_acquire
                0x080020ce        0x2 build/ST/STM32469IDISCO/target/gcc/gccstubs.o
                0x080020ce                __cxa_guard_acquire
 .text.__cxa_guard_release
                0x080020d0        0x2 build/ST/STM32469IDISCO/target/gcc/gccstubs.o
                0x080020d0                __cxa_guard_release
 .text.__cxa_pure_virtual
                0x080020d2        0x2 build/ST/STM32469IDISCO/target/gcc/gccstubs.o
                0x080020d2                __cxa_pure_virtual
 .text._sbrk    0x080020d4       0x2c build/ST/STM32469IDISCO/target/gcc/gccstubs.o
                0x080020d4                _sbrk
 .text.__assert_func
                0x08002100        0x2 build/ST/STM32469IDISCO/target/gcc/gccstubs.o
                0x08002100                __assert_func
 *fill*         0x08002102        0x2 00000000
 .text._ZL7GUITaskPv
                0x08002104       0x10 build/ST/STM32469IDISCO/target/main.o
 .text.startup.main
                0x08002114       0x30 build/ST/STM32469IDISCO/target/main.o
                0x08002114                main
 .text._ZN22OTM8009TouchControllerD2Ev
                0x08002144        0x2 build/ST/STM32469IDISCO/target/bsp/source/bsp/OTM8009TouchController.o
                0x08002144                OTM8009TouchController::~OTM8009TouchController()
                0x08002144                OTM8009TouchController::~OTM8009TouchController()
 .text._ZN22OTM8009TouchController4initEv
                0x08002146       0x1e build/ST/STM32469IDISCO/target/bsp/source/bsp/OTM8009TouchController.o
                0x08002146                OTM8009TouchController::init()
 .text._ZN22OTM8009TouchControllerD0Ev
                0x08002164        0xe build/ST/STM32469IDISCO/target/bsp/source/bsp/OTM8009TouchController.o
                0x08002164                OTM8009TouchController::~OTM8009TouchController()
 .text._ZN22OTM8009TouchController11sampleTouchERlS0_
                0x08002172       0x2c build/ST/STM32469IDISCO/target/bsp/source/bsp/OTM8009TouchController.o
                0x08002172                OTM8009TouchController::sampleTouch(long&, long&)
 .text._ZN8touchgfx13DMA_Interface5flushEv
                0x0800219e        0x6 build/ST/STM32469IDISCO/target/bsp/source/platform/hal/mcu/stm32f4cube/STM32F4DMA.o
                0x0800219e                touchgfx::DMA_Interface::flush()
 .text._ZN10STM32F4DMA18signalDMAInterruptEv
                0x080021a4        0x6 build/ST/STM32469IDISCO/target/bsp/source/platform/hal/mcu/stm32f4cube/STM32F4DMA.o
                0x080021a4                STM32F4DMA::signalDMAInterrupt()
 .text._ZN10STM32F4DMA11enableAlphaEh
                0x080021aa        0x2 build/ST/STM32469IDISCO/target/bsp/source/platform/hal/mcu/stm32f4cube/STM32F4DMA.o
                0x080021aa                STM32F4DMA::enableAlpha(unsigned char)
 .text._ZN10STM32F4DMAD2Ev
                0x080021ac        0x2 build/ST/STM32469IDISCO/target/bsp/source/platform/hal/mcu/stm32f4cube/STM32F4DMA.o
                0x080021ac                STM32F4DMA::~STM32F4DMA()
                0x080021ac                STM32F4DMA::~STM32F4DMA()
 *fill*         0x080021ae        0x2 00000000
 .text._ZN10STM32F4DMA10initializeEv
                0x080021b0       0x18 build/ST/STM32469IDISCO/target/bsp/source/platform/hal/mcu/stm32f4cube/STM32F4DMA.o
                0x080021b0                STM32F4DMA::initialize()
 .text._ZN10STM32F4DMA11getBlitCapsEv
                0x080021c8       0x14 build/ST/STM32469IDISCO/target/bsp/source/platform/hal/mcu/stm32f4cube/STM32F4DMA.o
                0x080021c8                STM32F4DMA::getBlitCaps()
 .text._ZN10STM32F4DMA18setupFillWithAlphaERKN8touchgfx6BlitOpE
                0x080021dc      0x11c build/ST/STM32469IDISCO/target/bsp/source/platform/hal/mcu/stm32f4cube/STM32F4DMA.o
                0x080021dc                STM32F4DMA::setupFillWithAlpha(touchgfx::BlitOp const&)
 .text._ZN10STM32F4DMAD0Ev
                0x080022f8       0x10 build/ST/STM32469IDISCO/target/bsp/source/platform/hal/mcu/stm32f4cube/STM32F4DMA.o
                0x080022f8                STM32F4DMA::~STM32F4DMA()
 .text._ZN10STM32F4DMA13setupDataCopyERKN8touchgfx6BlitOpE
                0x08002308      0x1a8 build/ST/STM32469IDISCO/target/bsp/source/platform/hal/mcu/stm32f4cube/STM32F4DMA.o
                0x08002308                STM32F4DMA::setupDataCopy(touchgfx::BlitOp const&)
 .text._ZN10STM32F4DMA13setupDataFillERKN8touchgfx6BlitOpE
                0x080024b0       0xf0 build/ST/STM32469IDISCO/target/bsp/source/platform/hal/mcu/stm32f4cube/STM32F4DMA.o
                0x080024b0                STM32F4DMA::setupDataFill(touchgfx::BlitOp const&)
 .text._ZN10STM32F4DMAC2Ev
                0x080025a0       0x4c build/ST/STM32469IDISCO/target/bsp/source/platform/hal/mcu/stm32f4cube/STM32F4DMA.o
                0x080025a0                STM32F4DMA::STM32F4DMA()
                0x080025a0                STM32F4DMA::STM32F4DMA()
 .text._ZN8touchgfx3HAL21setDisplayOrientationENS_18DisplayOrientationE
                0x080025ec        0xc build/ST/STM32469IDISCO/target/bsp/source/platform/hal/mcu/stm32f4cube/STM32F4HAL_DSI.o
                0x080025ec                touchgfx::HAL::setDisplayOrientation(touchgfx::DisplayOrientation)
 .text._ZN8touchgfx3HAL11getBlitCapsEv
                0x080025f8        0x8 build/ST/STM32469IDISCO/target/bsp/source/platform/hal/mcu/stm32f4cube/STM32F4HAL_DSI.o
                0x080025f8                touchgfx::HAL::getBlitCaps()
 .text._ZN8touchgfx3HAL9sampleKeyERh
                0x08002600        0x4 build/ST/STM32469IDISCO/target/bsp/source/platform/hal/mcu/stm32f4cube/STM32F4HAL_DSI.o
                0x08002600                touchgfx::HAL::sampleKey(unsigned char&)
 .text._ZN8touchgfx3HAL9taskDelayEt
                0x08002604        0xa build/ST/STM32469IDISCO/target/bsp/source/platform/hal/mcu/stm32f4cube/STM32F4HAL_DSI.o
                0x08002604                touchgfx::HAL::taskDelay(unsigned short)
 .text._ZN8touchgfx3HAL17getTFTCurrentLineEv
                0x0800260e        0x6 build/ST/STM32469IDISCO/target/bsp/source/platform/hal/mcu/stm32f4cube/STM32F4HAL_DSI.o
                0x0800260e                touchgfx::HAL::getTFTCurrentLine()
 .text._ZNK14STM32F4HAL_DSI17getTFTFrameBufferEv
                0x08002614        0xc build/ST/STM32469IDISCO/target/bsp/source/platform/hal/mcu/stm32f4cube/STM32F4HAL_DSI.o
                0x08002614                STM32F4HAL_DSI::getTFTFrameBuffer() const
 .text._ZN14STM32F4HAL_DSI19configureInterruptsEv
                0x08002620       0x14 build/ST/STM32469IDISCO/target/bsp/source/platform/hal/mcu/stm32f4cube/STM32F4HAL_DSI.o
                0x08002620                STM32F4HAL_DSI::configureInterrupts()
 .text._ZN14STM32F4HAL_DSI17disableInterruptsEv
                0x08002634       0x18 build/ST/STM32469IDISCO/target/bsp/source/platform/hal/mcu/stm32f4cube/STM32F4HAL_DSI.o
                0x08002634                STM32F4HAL_DSI::disableInterrupts()
 .text._ZN14STM32F4HAL_DSI16enableInterruptsEv
                0x0800264c       0x14 build/ST/STM32469IDISCO/target/bsp/source/platform/hal/mcu/stm32f4cube/STM32F4HAL_DSI.o
                0x0800264c                STM32F4HAL_DSI::enableInterrupts()
 .text._ZN14STM32F4HAL_DSID2Ev
                0x08002660        0x2 build/ST/STM32469IDISCO/target/bsp/source/platform/hal/mcu/stm32f4cube/STM32F4HAL_DSI.o
                0x08002660                STM32F4HAL_DSI::~STM32F4HAL_DSI()
                0x08002660                STM32F4HAL_DSI::~STM32F4HAL_DSI()
 *fill*         0x08002662        0x2 00000000
 .text._ZN8touchgfx3HAL28setFrameBufferStartAddressesEPvS1_S1_
                0x08002664       0x44 build/ST/STM32469IDISCO/target/bsp/source/platform/hal/mcu/stm32f4cube/STM32F4HAL_DSI.o
                0x08002664                touchgfx::HAL::setFrameBufferStartAddresses(void*, void*, void*)
 .text._ZN14STM32F4HAL_DSI28enableLCDControllerInterruptEv
                0x080026a8       0x34 build/ST/STM32469IDISCO/target/bsp/source/platform/hal/mcu/stm32f4cube/STM32F4HAL_DSI.o
                0x080026a8                STM32F4HAL_DSI::enableLCDControllerInterrupt()
 .text._ZN14STM32F4HAL_DSI10beginFrameEv
                0x080026dc       0x10 build/ST/STM32469IDISCO/target/bsp/source/platform/hal/mcu/stm32f4cube/STM32F4HAL_DSI.o
                0x080026dc                STM32F4HAL_DSI::beginFrame()
 .text._ZN14STM32F4HAL_DSI8endFrameEv
                0x080026ec       0x1c build/ST/STM32469IDISCO/target/bsp/source/platform/hal/mcu/stm32f4cube/STM32F4HAL_DSI.o
                0x080026ec                STM32F4HAL_DSI::endFrame()
 .text._ZN8touchgfx3HAL15backPorchExitedEv
                0x08002708       0x16 build/ST/STM32469IDISCO/target/bsp/source/platform/hal/mcu/stm32f4cube/STM32F4HAL_DSI.o
                0x08002708                touchgfx::HAL::backPorchExited()
 .text._ZN14STM32F4HAL_DSID0Ev
                0x0800271e        0xe build/ST/STM32469IDISCO/target/bsp/source/platform/hal/mcu/stm32f4cube/STM32F4HAL_DSI.o
                0x0800271e                STM32F4HAL_DSI::~STM32F4HAL_DSI()
 .text._ZN8touchgfx3HAL31performDisplayOrientationChangeEv
                0x0800272c       0x60 build/ST/STM32469IDISCO/target/bsp/source/platform/hal/mcu/stm32f4cube/STM32F4HAL_DSI.o
                0x0800272c                touchgfx::HAL::performDisplayOrientationChange()
 .text._ZN14STM32F4HAL_DSI17setTFTFrameBufferEPt
                0x0800278c       0x4c build/ST/STM32469IDISCO/target/bsp/source/platform/hal/mcu/stm32f4cube/STM32F4HAL_DSI.o
                0x0800278c                STM32F4HAL_DSI::setTFTFrameBuffer(unsigned short*)
 .text._ZN14STM32F4HAL_DSI26setFrameBufferStartAddressEPvtbb
                0x080027d8       0x9c build/ST/STM32469IDISCO/target/bsp/source/platform/hal/mcu/stm32f4cube/STM32F4HAL_DSI.o
                0x080027d8                STM32F4HAL_DSI::setFrameBufferStartAddress(void*, unsigned short, bool, bool)
 .text._ZN8touchgfx3HAL17frontPorchEnteredEv
                0x08002874        0x6 build/ST/STM32469IDISCO/target/bsp/source/platform/hal/mcu/stm32f4cube/STM32F4HAL_DSI.o
                0x08002874                touchgfx::HAL::frontPorchEntered()
 *fill*         0x0800287a        0x2 00000000
 .text.DSI_IRQHandler
                0x0800287c      0x1b4 build/ST/STM32469IDISCO/target/bsp/source/platform/hal/mcu/stm32f4cube/STM32F4HAL_DSI.o
                0x0800287c                DSI_IRQHandler
 .text.DMA2D_IRQHandler
                0x08002a30       0x24 build/ST/STM32469IDISCO/target/bsp/source/platform/hal/mcu/stm32f4cube/STM32F4HAL_DSI.o
                0x08002a30                DMA2D_IRQHandler
 .text._ZN8touchgfx18MCUInstrumentation13getCCConsumedEv
                0x08002a54        0x4 build/ST/STM32469IDISCO/target/bsp/source/platform/cortex-m/CortexMMCUInstrumentation.o
                0x08002a54                touchgfx::MCUInstrumentation::getCCConsumed()
 .text._ZN8touchgfx18MCUInstrumentation13setCCConsumedEm
                0x08002a58        0x4 build/ST/STM32469IDISCO/target/bsp/source/platform/cortex-m/CortexMMCUInstrumentation.o
                0x08002a58                touchgfx::MCUInstrumentation::setCCConsumed(unsigned long)
 .text._ZN8touchgfx25CortexMMCUInstrumentation4initEv
                0x08002a5c       0x20 build/ST/STM32469IDISCO/target/bsp/source/platform/cortex-m/CortexMMCUInstrumentation.o
                0x08002a5c                touchgfx::CortexMMCUInstrumentation::init()
 .text._ZN8touchgfx25CortexMMCUInstrumentation12getElapsedUSEjjj
                0x08002a7c        0xc build/ST/STM32469IDISCO/target/bsp/source/platform/cortex-m/CortexMMCUInstrumentation.o
                0x08002a7c                touchgfx::CortexMMCUInstrumentation::getElapsedUS(unsigned int, unsigned int, unsigned int)
 .text._ZN8touchgfx25CortexMMCUInstrumentation12getCPUCyclesEv
                0x08002a88        0xc build/ST/STM32469IDISCO/target/bsp/source/platform/cortex-m/CortexMMCUInstrumentation.o
                0x08002a88                touchgfx::CortexMMCUInstrumentation::getCPUCycles()
 .text._ZN8touchgfx25CortexMMCUInstrumentationD2Ev
                0x08002a94        0x2 build/ST/STM32469IDISCO/target/bsp/source/platform/cortex-m/CortexMMCUInstrumentation.o
                0x08002a94                touchgfx::CortexMMCUInstrumentation::~CortexMMCUInstrumentation()
                0x08002a94                touchgfx::CortexMMCUInstrumentation::~CortexMMCUInstrumentation()
 .text._ZN8touchgfx25CortexMMCUInstrumentationD0Ev
                0x08002a96        0xe build/ST/STM32469IDISCO/target/bsp/source/platform/cortex-m/CortexMMCUInstrumentation.o
                0x08002a96                touchgfx::CortexMMCUInstrumentation::~CortexMMCUInstrumentation()
 .text._ZN8touchgfx25CortexMMCUInstrumentation12setMCUActiveEb
                0x08002aa4       0x1e build/ST/STM32469IDISCO/target/bsp/source/platform/cortex-m/CortexMMCUInstrumentation.o
                0x08002aa4                touchgfx::CortexMMCUInstrumentation::setMCUActive(bool)
 .text._ZN8touchgfx16ButtonController5resetEv
                0x08002ac2        0x2 build/ST/STM32469IDISCO/target/bsp/source/bsp/KeySampler.o
                0x08002ac2                touchgfx::ButtonController::reset()
 .text._ZN8touchgfx10KeySamplerD2Ev
                0x08002ac4        0x2 build/ST/STM32469IDISCO/target/bsp/source/bsp/KeySampler.o
                0x08002ac4                touchgfx::KeySampler::~KeySampler()
                0x08002ac4                touchgfx::KeySampler::~KeySampler()
 *fill*         0x08002ac6        0x2 00000000
 .text._ZN8touchgfx10KeySampler4initEv
                0x08002ac8       0x14 build/ST/STM32469IDISCO/target/bsp/source/bsp/KeySampler.o
                0x08002ac8                touchgfx::KeySampler::init()
 .text._ZN8touchgfx10KeySampler6sampleERh
                0x08002adc       0x40 build/ST/STM32469IDISCO/target/bsp/source/bsp/KeySampler.o
                0x08002adc                touchgfx::KeySampler::sample(unsigned char&)
 .text._ZN8touchgfx10KeySamplerD0Ev
                0x08002b1c        0xe build/ST/STM32469IDISCO/target/bsp/source/bsp/KeySampler.o
                0x08002b1c                touchgfx::KeySampler::~KeySampler()
 .text._ZN8touchgfx7Buttons4initEv
                0x08002b2a        0x8 build/ST/STM32469IDISCO/target/bsp/source/bsp/Buttons.o
                0x08002b2a                touchgfx::Buttons::init()
 .text._ZN8touchgfx7Buttons6sampleEv
                0x08002b32        0x6 build/ST/STM32469IDISCO/target/bsp/source/bsp/Buttons.o
                0x08002b32                touchgfx::Buttons::sample()
 .text._ZN8touchgfx8LCD24bppD2Ev
                0x08002b38        0x2 build/ST/STM32469IDISCO/target/bsp/source/BoardConfiguration.o
                0x08002b38                touchgfx::LCD24bpp::~LCD24bpp()
                0x08002b38                touchgfx::LCD24bpp::~LCD24bpp()
 .text._ZNK8touchgfx9PartitionINS_4meta8TypeListINS_15SlideTransitionILNS_9DirectionE2EEENS2_INS1_3NilES6_EEEELt1EE8capacityEv
                0x08002b3a        0x4 build/ST/STM32469IDISCO/target/bsp/source/BoardConfiguration.o
                0x08002b3a                touchgfx::Partition<touchgfx::meta::TypeList<touchgfx::SlideTransition<(touchgfx::Direction)2>, touchgfx::meta::TypeList<touchgfx::meta::Nil, touchgfx::meta::Nil> >, (unsigned short)1>::capacity() const
 .text._ZN8touchgfx9PartitionINS_4meta8TypeListINS_15SlideTransitionILNS_9DirectionE2EEENS2_INS1_3NilES6_EEEELt1EE12element_sizeEv
                0x08002b3e        0x4 build/ST/STM32469IDISCO/target/bsp/source/BoardConfiguration.o
                0x08002b3e                touchgfx::Partition<touchgfx::meta::TypeList<touchgfx::SlideTransition<(touchgfx::Direction)2>, touchgfx::meta::TypeList<touchgfx::meta::Nil, touchgfx::meta::Nil> >, (unsigned short)1>::element_size()
 .text._ZN8touchgfx9PartitionINS_4meta8TypeListINS_15SlideTransitionILNS_9DirectionE2EEENS2_INS1_3NilES6_EEEELt1EE7elementEt
                0x08002b42        0xa build/ST/STM32469IDISCO/target/bsp/source/BoardConfiguration.o
                0x08002b42                touchgfx::Partition<touchgfx::meta::TypeList<touchgfx::SlideTransition<(touchgfx::Direction)2>, touchgfx::meta::TypeList<touchgfx::meta::Nil, touchgfx::meta::Nil> >, (unsigned short)1>::element(unsigned short)
 .text._ZNK8touchgfx9PartitionINS_4meta8TypeListINS_15SlideTransitionILNS_9DirectionE2EEENS2_INS1_3NilES6_EEEELt1EE7elementEt
                0x08002b4c        0xa build/ST/STM32469IDISCO/target/bsp/source/BoardConfiguration.o
                0x08002b4c                touchgfx::Partition<touchgfx::meta::TypeList<touchgfx::SlideTransition<(touchgfx::Direction)2>, touchgfx::meta::TypeList<touchgfx::meta::Nil, touchgfx::meta::Nil> >, (unsigned short)1>::element(unsigned short) const
 .text._ZNK8touchgfx9PartitionINS_4meta8TypeListI11Screen1ViewNS2_INS1_3NilES4_EEEELt1EE8capacityEv
                0x08002b56        0x4 build/ST/STM32469IDISCO/target/bsp/source/BoardConfiguration.o
                0x08002b56                touchgfx::Partition<touchgfx::meta::TypeList<Screen1View, touchgfx::meta::TypeList<touchgfx::meta::Nil, touchgfx::meta::Nil> >, (unsigned short)1>::capacity() const
 .text._ZN8touchgfx9PartitionINS_4meta8TypeListI11Screen1ViewNS2_INS1_3NilES4_EEEELt1EE12element_sizeEv
                0x08002b5a        0x6 build/ST/STM32469IDISCO/target/bsp/source/BoardConfiguration.o
                0x08002b5a                touchgfx::Partition<touchgfx::meta::TypeList<Screen1View, touchgfx::meta::TypeList<touchgfx::meta::Nil, touchgfx::meta::Nil> >, (unsigned short)1>::element_size()
 .text._ZN8touchgfx9PartitionINS_4meta8TypeListI11Screen1ViewNS2_INS1_3NilES4_EEEELt1EE7elementEt
                0x08002b60        0xc build/ST/STM32469IDISCO/target/bsp/source/BoardConfiguration.o
                0x08002b60                touchgfx::Partition<touchgfx::meta::TypeList<Screen1View, touchgfx::meta::TypeList<touchgfx::meta::Nil, touchgfx::meta::Nil> >, (unsigned short)1>::element(unsigned short)
 .text._ZNK8touchgfx9PartitionINS_4meta8TypeListI11Screen1ViewNS2_INS1_3NilES4_EEEELt1EE7elementEt
                0x08002b6c        0xc build/ST/STM32469IDISCO/target/bsp/source/BoardConfiguration.o
                0x08002b6c                touchgfx::Partition<touchgfx::meta::TypeList<Screen1View, touchgfx::meta::TypeList<touchgfx::meta::Nil, touchgfx::meta::Nil> >, (unsigned short)1>::element(unsigned short) const
 .text._ZNK8touchgfx9PartitionINS_4meta8TypeListI16Screen5PresenterNS2_INS1_3NilES4_EEEELt1EE8capacityEv
                0x08002b78        0x4 build/ST/STM32469IDISCO/target/bsp/source/BoardConfiguration.o
                0x08002b78                touchgfx::Partition<touchgfx::meta::TypeList<Screen5Presenter, touchgfx::meta::TypeList<touchgfx::meta::Nil, touchgfx::meta::Nil> >, (unsigned short)1>::capacity() const
 .text._ZN8touchgfx9PartitionINS_4meta8TypeListI16Screen5PresenterNS2_INS1_3NilES4_EEEELt1EE12element_sizeEv
                0x08002b7c        0x4 build/ST/STM32469IDISCO/target/bsp/source/BoardConfiguration.o
                0x08002b7c                touchgfx::Partition<touchgfx::meta::TypeList<Screen5Presenter, touchgfx::meta::TypeList<touchgfx::meta::Nil, touchgfx::meta::Nil> >, (unsigned short)1>::element_size()
 .text._ZN8touchgfx9PartitionINS_4meta8TypeListI16Screen5PresenterNS2_INS1_3NilES4_EEEELt1EE7elementEt
                0x08002b80        0x8 build/ST/STM32469IDISCO/target/bsp/source/BoardConfiguration.o
                0x08002b80                touchgfx::Partition<touchgfx::meta::TypeList<Screen5Presenter, touchgfx::meta::TypeList<touchgfx::meta::Nil, touchgfx::meta::Nil> >, (unsigned short)1>::element(unsigned short)
 .text._ZNK8touchgfx9PartitionINS_4meta8TypeListI16Screen5PresenterNS2_INS1_3NilES4_EEEELt1EE7elementEt
                0x08002b88        0x8 build/ST/STM32469IDISCO/target/bsp/source/BoardConfiguration.o
                0x08002b88                touchgfx::Partition<touchgfx::meta::TypeList<Screen5Presenter, touchgfx::meta::TypeList<touchgfx::meta::Nil, touchgfx::meta::Nil> >, (unsigned short)1>::element(unsigned short) const
 .text._ZN16FrontendHeapBase15gotoStartScreenER19FrontendApplication
                0x08002b90        0x6 build/ST/STM32469IDISCO/target/bsp/source/BoardConfiguration.o
                0x08002b90                FrontendHeapBase::gotoStartScreen(FrontendApplication&)
 *fill*         0x08002b96        0x2 00000000
 .text._ZN8touchgfx9PartitionINS_4meta8TypeListINS_15SlideTransitionILNS_9DirectionE2EEENS2_INS1_3NilES6_EEEELt1EED2Ev
                0x08002b98       0x14 build/ST/STM32469IDISCO/target/bsp/source/BoardConfiguration.o
                0x08002b98                touchgfx::Partition<touchgfx::meta::TypeList<touchgfx::SlideTransition<(touchgfx::Direction)2>, touchgfx::meta::TypeList<touchgfx::meta::Nil, touchgfx::meta::Nil> >, (unsigned short)1>::~Partition()
                0x08002b98                touchgfx::Partition<touchgfx::meta::TypeList<touchgfx::SlideTransition<(touchgfx::Direction)2>, touchgfx::meta::TypeList<touchgfx::meta::Nil, touchgfx::meta::Nil> >, (unsigned short)1>::~Partition()
 .text._ZN8touchgfx9PartitionINS_4meta8TypeListINS_15SlideTransitionILNS_9DirectionE2EEENS2_INS1_3NilES6_EEEELt1EED0Ev
                0x08002bac       0x14 build/ST/STM32469IDISCO/target/bsp/source/BoardConfiguration.o
                0x08002bac                touchgfx::Partition<touchgfx::meta::TypeList<touchgfx::SlideTransition<(touchgfx::Direction)2>, touchgfx::meta::TypeList<touchgfx::meta::Nil, touchgfx::meta::Nil> >, (unsigned short)1>::~Partition()
 .text._ZN8touchgfx9PartitionINS_4meta8TypeListI11Screen1ViewNS2_INS1_3NilES4_EEEELt1EED2Ev
                0x08002bc0       0x14 build/ST/STM32469IDISCO/target/bsp/source/BoardConfiguration.o
                0x08002bc0                touchgfx::Partition<touchgfx::meta::TypeList<Screen1View, touchgfx::meta::TypeList<touchgfx::meta::Nil, touchgfx::meta::Nil> >, (unsigned short)1>::~Partition()
                0x08002bc0                touchgfx::Partition<touchgfx::meta::TypeList<Screen1View, touchgfx::meta::TypeList<touchgfx::meta::Nil, touchgfx::meta::Nil> >, (unsigned short)1>::~Partition()
 .text._ZN8touchgfx9PartitionINS_4meta8TypeListI11Screen1ViewNS2_INS1_3NilES4_EEEELt1EED0Ev
                0x08002bd4       0x16 build/ST/STM32469IDISCO/target/bsp/source/BoardConfiguration.o
                0x08002bd4                touchgfx::Partition<touchgfx::meta::TypeList<Screen1View, touchgfx::meta::TypeList<touchgfx::meta::Nil, touchgfx::meta::Nil> >, (unsigned short)1>::~Partition()
 *fill*         0x08002bea        0x2 00000000
 .text._ZN8touchgfx9PartitionINS_4meta8TypeListI16Screen5PresenterNS2_INS1_3NilES4_EEEELt1EED2Ev
                0x08002bec       0x14 build/ST/STM32469IDISCO/target/bsp/source/BoardConfiguration.o
                0x08002bec                touchgfx::Partition<touchgfx::meta::TypeList<Screen5Presenter, touchgfx::meta::TypeList<touchgfx::meta::Nil, touchgfx::meta::Nil> >, (unsigned short)1>::~Partition()
                0x08002bec                touchgfx::Partition<touchgfx::meta::TypeList<Screen5Presenter, touchgfx::meta::TypeList<touchgfx::meta::Nil, touchgfx::meta::Nil> >, (unsigned short)1>::~Partition()
 .text._ZN8touchgfx9PartitionINS_4meta8TypeListI16Screen5PresenterNS2_INS1_3NilES4_EEEELt1EED0Ev
                0x08002c00       0x14 build/ST/STM32469IDISCO/target/bsp/source/BoardConfiguration.o
                0x08002c00                touchgfx::Partition<touchgfx::meta::TypeList<Screen5Presenter, touchgfx::meta::TypeList<touchgfx::meta::Nil, touchgfx::meta::Nil> >, (unsigned short)1>::~Partition()
 .text._ZN12FrontendHeapD2Ev
                0x08002c14       0x28 build/ST/STM32469IDISCO/target/bsp/source/BoardConfiguration.o
                0x08002c14                FrontendHeap::~FrontendHeap()
                0x08002c14                FrontendHeap::~FrontendHeap()
 .text._ZN12FrontendHeapD0Ev
                0x08002c3c       0x16 build/ST/STM32469IDISCO/target/bsp/source/BoardConfiguration.o
                0x08002c3c                FrontendHeap::~FrontendHeap()
 .text._ZN8touchgfx8LCD24bppD0Ev
                0x08002c52        0xe build/ST/STM32469IDISCO/target/bsp/source/BoardConfiguration.o
                0x08002c52                touchgfx::LCD24bpp::~LCD24bpp()
 .text.SysTick_Handler
                0x08002c60       0x1c build/ST/STM32469IDISCO/target/bsp/source/BoardConfiguration.o
                0x08002c60                SysTick_Handler
 .text._ZN8touchgfx7hw_initEv
                0x08002c7c      0x2f8 build/ST/STM32469IDISCO/target/bsp/source/BoardConfiguration.o
                0x08002c7c                touchgfx::hw_init()
 .text.LCD_ReqTear
                0x08002f74       0x38 build/ST/STM32469IDISCO/target/bsp/source/BoardConfiguration.o
                0x08002f74                LCD_ReqTear
 .text.LCD_SetUpdateRegion
                0x08002fac       0x28 build/ST/STM32469IDISCO/target/bsp/source/BoardConfiguration.o
                0x08002fac                LCD_SetUpdateRegion
 .text.LCD_SetUpdateRegionLeft
                0x08002fd4       0x24 build/ST/STM32469IDISCO/target/bsp/source/BoardConfiguration.o
                0x08002fd4                LCD_SetUpdateRegionLeft
 .text.LCD_SetUpdateRegionRight
                0x08002ff8       0x24 build/ST/STM32469IDISCO/target/bsp/source/BoardConfiguration.o
                0x08002ff8                LCD_SetUpdateRegionRight
 .text._ZN8touchgfx21touchgfx_generic_initI14STM32F4HAL_DSIEERNS_3HALERNS_13DMA_InterfaceERNS_3LCDERNS_15TouchControllerEssPtmm
                0x0800301c      0x1e0 build/ST/STM32469IDISCO/target/bsp/source/BoardConfiguration.o
                0x0800301c                touchgfx::HAL& touchgfx::touchgfx_generic_init<STM32F4HAL_DSI>(touchgfx::DMA_Interface&, touchgfx::LCD&, touchgfx::TouchController&, short, short, unsigned short*, unsigned long, unsigned long)
 .text._ZN8touchgfx13touchgfx_initEv
                0x080031fc       0x80 build/ST/STM32469IDISCO/target/bsp/source/BoardConfiguration.o
                0x080031fc                touchgfx::touchgfx_init()
 .text.startup._GLOBAL__sub_I_os_inited
                0x0800327c       0xa8 build/ST/STM32469IDISCO/target/bsp/source/BoardConfiguration.o
 .text._ZN8touchgfx4GPIO4initEv
                0x08003324        0x2 build/ST/STM32469IDISCO/target/bsp/source/GPIO.o
                0x08003324                touchgfx::GPIO::init()
 *fill*         0x08003326        0x2 00000000
 .text._ZN8touchgfx4GPIO3setENS0_7GPIO_IDE
                0x08003328        0xc build/ST/STM32469IDISCO/target/bsp/source/GPIO.o
                0x08003328                touchgfx::GPIO::set(touchgfx::GPIO::GPIO_ID)
 .text._ZN8touchgfx4GPIO5clearENS0_7GPIO_IDE
                0x08003334        0xc build/ST/STM32469IDISCO/target/bsp/source/GPIO.o
                0x08003334                touchgfx::GPIO::clear(touchgfx::GPIO::GPIO_ID)
 .text._ZN8touchgfx4GPIO6toggleENS0_7GPIO_IDE
                0x08003340        0x2 build/ST/STM32469IDISCO/target/bsp/source/GPIO.o
                0x08003340                touchgfx::GPIO::toggle(touchgfx::GPIO::GPIO_ID)
 .text.vListInitialise
                0x08003342       0x16 build/ST/STM32469IDISCO/target/os/FreeRTOS7.6.0/Source/list.o
                0x08003342                vListInitialise
 .text.vListInitialiseItem
                0x08003358        0x6 build/ST/STM32469IDISCO/target/os/FreeRTOS7.6.0/Source/list.o
                0x08003358                vListInitialiseItem
 .text.vListInsertEnd
                0x0800335e       0x18 build/ST/STM32469IDISCO/target/os/FreeRTOS7.6.0/Source/list.o
                0x0800335e                vListInsertEnd
 .text.vListInsert
                0x08003376       0x2e build/ST/STM32469IDISCO/target/os/FreeRTOS7.6.0/Source/list.o
                0x08003376                vListInsert
 .text.uxListRemove
                0x080033a4       0x24 build/ST/STM32469IDISCO/target/os/FreeRTOS7.6.0/Source/list.o
                0x080033a4                uxListRemove
 .text.prvCopyDataToQueue
                0x080033c8       0x68 build/ST/STM32469IDISCO/target/os/FreeRTOS7.6.0/Source/queue.o
 .text.prvCopyDataFromQueue
                0x08003430       0x26 build/ST/STM32469IDISCO/target/os/FreeRTOS7.6.0/Source/queue.o
 .text.prvUnlockQueue
                0x08003456       0x6c build/ST/STM32469IDISCO/target/os/FreeRTOS7.6.0/Source/queue.o
 .text.xQueueGenericReset
                0x080034c2       0x62 build/ST/STM32469IDISCO/target/os/FreeRTOS7.6.0/Source/queue.o
                0x080034c2                xQueueGenericReset
 .text.xQueueGenericCreate
                0x08003524       0x42 build/ST/STM32469IDISCO/target/os/FreeRTOS7.6.0/Source/queue.o
                0x08003524                xQueueGenericCreate
 .text.xQueueGenericSend
                0x08003566       0xfe build/ST/STM32469IDISCO/target/os/FreeRTOS7.6.0/Source/queue.o
                0x08003566                xQueueGenericSend
 .text.xQueueGenericSendFromISR
                0x08003664       0x8e build/ST/STM32469IDISCO/target/os/FreeRTOS7.6.0/Source/queue.o
                0x08003664                xQueueGenericSendFromISR
 .text.xQueueGenericReceive
                0x080036f2      0x11e build/ST/STM32469IDISCO/target/os/FreeRTOS7.6.0/Source/queue.o
                0x080036f2                xQueueGenericReceive
 .text.prvAddCurrentTaskToDelayedList
                0x08003810       0x50 build/ST/STM32469IDISCO/target/os/FreeRTOS7.6.0/Source/tasks.o
 .text.xTaskGenericCreate
                0x08003860      0x1cc build/ST/STM32469IDISCO/target/os/FreeRTOS7.6.0/Source/tasks.o
                0x08003860                xTaskGenericCreate
 .text.vTaskStartScheduler
                0x08003a2c       0x54 build/ST/STM32469IDISCO/target/os/FreeRTOS7.6.0/Source/tasks.o
                0x08003a2c                vTaskStartScheduler
 .text.vTaskSuspendAll
                0x08003a80       0x10 build/ST/STM32469IDISCO/target/os/FreeRTOS7.6.0/Source/tasks.o
                0x08003a80                vTaskSuspendAll
 .text.xTaskIncrementTick
                0x08003a90      0x12c build/ST/STM32469IDISCO/target/os/FreeRTOS7.6.0/Source/tasks.o
                0x08003a90                xTaskIncrementTick
 .text.xTaskResumeAll
                0x08003bbc       0xd0 build/ST/STM32469IDISCO/target/os/FreeRTOS7.6.0/Source/tasks.o
                0x08003bbc                xTaskResumeAll
 .text.prvIdleTask
                0x08003c8c       0x68 build/ST/STM32469IDISCO/target/os/FreeRTOS7.6.0/Source/tasks.o
 .text.vTaskSetApplicationTaskTag